usbd_conf.c:69:6:HAL_PCD_MspInit	192	static
usbd_conf.c:130:6:HAL_PCD_MspDeInit	24	static
usbd_conf.c:175:6:HAL_PCD_SetupStageCallback	16	static
usbd_conf.c:190:6:HAL_PCD_DataOutStageCallback	16	static
usbd_conf.c:205:6:HAL_PCD_DataInStageCallback	16	static
usbd_conf.c:219:6:HAL_PCD_SOFCallback	16	static
usbd_conf.c:233:6:HAL_PCD_ResetCallback	24	static
usbd_conf.c:258:6:HAL_PCD_SuspendCallback	16	static
usbd_conf.c:283:6:HAL_PCD_ResumeCallback	16	static
usbd_conf.c:308:6:HAL_PCD_ISOOUTIncompleteCallback	16	static
usbd_conf.c:323:6:HAL_PCD_ISOINIncompleteCallback	16	static
usbd_conf.c:337:6:HAL_PCD_ConnectCallback	16	static
usbd_conf.c:351:6:HAL_PCD_DisconnectCallback	16	static
usbd_conf.c:366:20:USBD_LL_Init	16	static
usbd_conf.c:417:20:USBD_LL_DeInit	24	static
usbd_conf.c:449:20:USBD_LL_Start	24	static
usbd_conf.c:481:20:USBD_LL_Stop	24	static
usbd_conf.c:516:20:USBD_LL_OpenEP	24	static
usbd_conf.c:549:20:USBD_LL_CloseEP	24	static
usbd_conf.c:582:20:USBD_LL_FlushEP	24	static
usbd_conf.c:615:20:USBD_LL_StallEP	24	static
usbd_conf.c:648:20:USBD_LL_ClearStallEP	24	static
usbd_conf.c:681:9:USBD_LL_IsStallEP	24	static
usbd_conf.c:701:20:USBD_LL_SetUSBAddress	24	static
usbd_conf.c:736:20:USBD_LL_Transmit	32	static
usbd_conf.c:771:20:USBD_LL_PrepareReceive	32	static
usbd_conf.c:804:10:USBD_LL_GetRxDataSize	16	static
usbd_conf.c:815:6:HAL_PCDEx_LPM_Callback	16	static
usbd_conf.c:850:6:USBD_LL_Delay	16	static
usbd_conf.c:860:7:USBD_static_malloc	16	static
usbd_conf.c:871:6:USBD_static_free	16	static
usbd_conf.c:882:13:SystemClockConfig_Resume	8	static
