Archive member included to satisfy reference by file (symbol)

c:/st/stm32cubeide_1.8.0/stm32cubeide/plugins/com.st.stm32cube.ide.mcu.externaltools.gnu-tools-for-stm32.9-2020-q2-update.win32_2.0.0.202105311346/tools/bin/../lib/gcc/arm-none-eabi/9.3.1/../../../../arm-none-eabi/lib/thumb/v7e-m+fp/hard\libc_nano.a(lib_a-errno.o)
                              ./Core/Src/syscalls.o (__errno)
c:/st/stm32cubeide_1.8.0/stm32cubeide/plugins/com.st.stm32cube.ide.mcu.externaltools.gnu-tools-for-stm32.9-2020-q2-update.win32_2.0.0.202105311346/tools/bin/../lib/gcc/arm-none-eabi/9.3.1/../../../../arm-none-eabi/lib/thumb/v7e-m+fp/hard\libc_nano.a(lib_a-exit.o)
                              c:/st/stm32cubeide_1.8.0/stm32cubeide/plugins/com.st.stm32cube.ide.mcu.externaltools.gnu-tools-for-stm32.9-2020-q2-update.win32_2.0.0.202105311346/tools/bin/../lib/gcc/arm-none-eabi/9.3.1/../../../../arm-none-eabi/lib/thumb/v7e-m+fp/hard/crt0.o (exit)
c:/st/stm32cubeide_1.8.0/stm32cubeide/plugins/com.st.stm32cube.ide.mcu.externaltools.gnu-tools-for-stm32.9-2020-q2-update.win32_2.0.0.202105311346/tools/bin/../lib/gcc/arm-none-eabi/9.3.1/../../../../arm-none-eabi/lib/thumb/v7e-m+fp/hard\libc_nano.a(lib_a-impure.o)
                              c:/st/stm32cubeide_1.8.0/stm32cubeide/plugins/com.st.stm32cube.ide.mcu.externaltools.gnu-tools-for-stm32.9-2020-q2-update.win32_2.0.0.202105311346/tools/bin/../lib/gcc/arm-none-eabi/9.3.1/../../../../arm-none-eabi/lib/thumb/v7e-m+fp/hard\libc_nano.a(lib_a-exit.o) (_global_impure_ptr)
c:/st/stm32cubeide_1.8.0/stm32cubeide/plugins/com.st.stm32cube.ide.mcu.externaltools.gnu-tools-for-stm32.9-2020-q2-update.win32_2.0.0.202105311346/tools/bin/../lib/gcc/arm-none-eabi/9.3.1/../../../../arm-none-eabi/lib/thumb/v7e-m+fp/hard\libc_nano.a(lib_a-init.o)
                              c:/st/stm32cubeide_1.8.0/stm32cubeide/plugins/com.st.stm32cube.ide.mcu.externaltools.gnu-tools-for-stm32.9-2020-q2-update.win32_2.0.0.202105311346/tools/bin/../lib/gcc/arm-none-eabi/9.3.1/../../../../arm-none-eabi/lib/thumb/v7e-m+fp/hard/crt0.o (__libc_init_array)
c:/st/stm32cubeide_1.8.0/stm32cubeide/plugins/com.st.stm32cube.ide.mcu.externaltools.gnu-tools-for-stm32.9-2020-q2-update.win32_2.0.0.202105311346/tools/bin/../lib/gcc/arm-none-eabi/9.3.1/../../../../arm-none-eabi/lib/thumb/v7e-m+fp/hard\libc_nano.a(lib_a-memcpy-stub.o)
                              ./USB_DEVICE/App/usbd_cdc_if.o (memcpy)
c:/st/stm32cubeide_1.8.0/stm32cubeide/plugins/com.st.stm32cube.ide.mcu.externaltools.gnu-tools-for-stm32.9-2020-q2-update.win32_2.0.0.202105311346/tools/bin/../lib/gcc/arm-none-eabi/9.3.1/../../../../arm-none-eabi/lib/thumb/v7e-m+fp/hard\libc_nano.a(lib_a-memset.o)
                              c:/st/stm32cubeide_1.8.0/stm32cubeide/plugins/com.st.stm32cube.ide.mcu.externaltools.gnu-tools-for-stm32.9-2020-q2-update.win32_2.0.0.202105311346/tools/bin/../lib/gcc/arm-none-eabi/9.3.1/../../../../arm-none-eabi/lib/thumb/v7e-m+fp/hard/crt0.o (memset)
c:/st/stm32cubeide_1.8.0/stm32cubeide/plugins/com.st.stm32cube.ide.mcu.externaltools.gnu-tools-for-stm32.9-2020-q2-update.win32_2.0.0.202105311346/tools/bin/../lib/gcc/arm-none-eabi/9.3.1/../../../../arm-none-eabi/lib/thumb/v7e-m+fp/hard\libc_nano.a(lib_a-strcmp.o)
                              ./Core/Src/main.o (strcmp)
c:/st/stm32cubeide_1.8.0/stm32cubeide/plugins/com.st.stm32cube.ide.mcu.externaltools.gnu-tools-for-stm32.9-2020-q2-update.win32_2.0.0.202105311346/tools/bin/../lib/gcc/arm-none-eabi/9.3.1/../../../../arm-none-eabi/lib/thumb/v7e-m+fp/hard\libc_nano.a(lib_a-strlen.o)
                              ./Core/Src/main.o (strlen)

Allocating common symbols
Common symbol       size              file

bufferdata          0x40              ./Core/Src/main.o
hUsbDeviceFS        0x2d0             ./USB_DEVICE/App/usb_device.o
hpcd_USB_OTG_FS     0x408             ./USB_DEVICE/Target/usbd_conf.o
uwTick              0x4               ./Drivers/STM32L4xx_HAL_Driver/Src/stm32l4xx_hal.o
UserRxBufferFS      0x800             ./USB_DEVICE/App/usbd_cdc_if.o
UserTxBufferFS      0x800             ./USB_DEVICE/App/usbd_cdc_if.o
USBD_StrDesc        0x200             ./USB_DEVICE/App/usbd_desc.o

Discarded input sections

 .text          0x0000000000000000        0x0 c:/st/stm32cubeide_1.8.0/stm32cubeide/plugins/com.st.stm32cube.ide.mcu.externaltools.gnu-tools-for-stm32.9-2020-q2-update.win32_2.0.0.202105311346/tools/bin/../lib/gcc/arm-none-eabi/9.3.1/thumb/v7e-m+fp/hard/crti.o
 .data          0x0000000000000000        0x0 c:/st/stm32cubeide_1.8.0/stm32cubeide/plugins/com.st.stm32cube.ide.mcu.externaltools.gnu-tools-for-stm32.9-2020-q2-update.win32_2.0.0.202105311346/tools/bin/../lib/gcc/arm-none-eabi/9.3.1/thumb/v7e-m+fp/hard/crti.o
[...]
Memory Configuration

Name             Origin             Length             Attributes
RAM              0x0000000020000000 0x0000000000050000 xrw
RAM2             0x0000000010000000 0x0000000000010000 xrw
FLASH            0x0000000008000000 0x0000000000100000 xr
*default*        0x0000000000000000 0xffffffffffffffff

Linker script and memory map

LOAD c:/st/stm32cubeide_1.8.0/stm32cubeide/plugins/com.st.stm32cube.ide.mcu.externaltools.gnu-tools-for-stm32.9-2020-q2-update.win32_2.0.0.202105311346/tools/bin/../lib/gcc/arm-none-eabi/9.3.1/thumb/v7e-m+fp/hard/crti.o
LOAD c:/st/stm32cubeide_1.8.0/stm32cubeide/plugins/com.st.stm32cube.ide.mcu.externaltools.gnu-tools-for-stm32.9-2020-q2-update.win32_2.0.0.202105311346/tools/bin/../lib/gcc/arm-none-eabi/9.3.1/thumb/v7e-m+fp/hard/crtbegin.o
LOAD c:/st/stm32cubeide_1.8.0/stm32cubeide/plugins/com.st.stm32cube.ide.mcu.externaltools.gnu-tools-for-stm32.9-2020-q2-update.win32_2.0.0.202105311346/tools/bin/../lib/gcc/arm-none-eabi/9.3.1/../../../../arm-none-eabi/lib/thumb/v7e-m+fp/hard/crt0.o
LOAD ./Core/Src/gpio.o
LOAD ./Core/Src/main.o
LOAD ./Core/Src/stm32l4xx_hal_msp.o
LOAD ./Core/Src/stm32l4xx_it.o
LOAD ./Core/Src/syscalls.o
LOAD ./Core/Src/sysmem.o
LOAD ./Core/Src/system_stm32l4xx.o
LOAD ./Core/Startup/startup_stm32l496zgtx.o
LOAD ./Drivers/STM32L4xx_HAL_Driver/Src/stm32l4xx_hal.o
LOAD ./Drivers/STM32L4xx_HAL_Driver/Src/stm32l4xx_hal_cortex.o
LOAD ./Drivers/STM32L4xx_HAL_Driver/Src/stm32l4xx_hal_dma.o
LOAD ./Drivers/STM32L4xx_HAL_Driver/Src/stm32l4xx_hal_dma_ex.o
LOAD ./Drivers/STM32L4xx_HAL_Driver/Src/stm32l4xx_hal_exti.o
LOAD ./Drivers/STM32L4xx_HAL_Driver/Src/stm32l4xx_hal_flash.o
LOAD ./Drivers/STM32L4xx_HAL_Driver/Src/stm32l4xx_hal_flash_ex.o
LOAD ./Drivers/STM32L4xx_HAL_Driver/Src/stm32l4xx_hal_flash_ramfunc.o
LOAD ./Drivers/STM32L4xx_HAL_Driver/Src/stm32l4xx_hal_gpio.o
LOAD ./Drivers/STM32L4xx_HAL_Driver/Src/stm32l4xx_hal_i2c.o
LOAD ./Drivers/STM32L4xx_HAL_Driver/Src/stm32l4xx_hal_i2c_ex.o
LOAD ./Drivers/STM32L4xx_HAL_Driver/Src/stm32l4xx_hal_pcd.o
LOAD ./Drivers/STM32L4xx_HAL_Driver/Src/stm32l4xx_hal_pcd_ex.o
LOAD ./Drivers/STM32L4xx_HAL_Driver/Src/stm32l4xx_hal_pwr.o
LOAD ./Drivers/STM32L4xx_HAL_Driver/Src/stm32l4xx_hal_pwr_ex.o
LOAD ./Drivers/STM32L4xx_HAL_Driver/Src/stm32l4xx_hal_rcc.o
LOAD ./Drivers/STM32L4xx_HAL_Driver/Src/stm32l4xx_hal_rcc_ex.o
LOAD ./Drivers/STM32L4xx_HAL_Driver/Src/stm32l4xx_hal_tim.o
LOAD ./Drivers/STM32L4xx_HAL_Driver/Src/stm32l4xx_hal_tim_ex.o
LOAD ./Drivers/STM32L4xx_HAL_Driver/Src/stm32l4xx_ll_usb.o
LOAD ./Middlewares/ST/STM32_USB_Device_Library/Class/CDC/Src/usbd_cdc.o
LOAD ./Middlewares/ST/STM32_USB_Device_Library/Core/Src/usbd_core.o
LOAD ./Middlewares/ST/STM32_USB_Device_Library/Core/Src/usbd_ctlreq.o
LOAD ./Middlewares/ST/STM32_USB_Device_Library/Core/Src/usbd_ioreq.o
LOAD ./USB_DEVICE/App/usb_device.o
LOAD ./USB_DEVICE/App/usbd_cdc_if.o
LOAD ./USB_DEVICE/App/usbd_desc.o
LOAD ./USB_DEVICE/Target/usbd_conf.o
START GROUP
LOAD c:/st/stm32cubeide_1.8.0/stm32cubeide/plugins/com.st.stm32cube.ide.mcu.externaltools.gnu-tools-for-stm32.9-2020-q2-update.win32_2.0.0.202105311346/tools/bin/../lib/gcc/arm-none-eabi/9.3.1/../../../../arm-none-eabi/lib/thumb/v7e-m+fp/hard\libc_nano.a
LOAD c:/st/stm32cubeide_1.8.0/stm32cubeide/plugins/com.st.stm32cube.ide.mcu.externaltools.gnu-tools-for-stm32.9-2020-q2-update.win32_2.0.0.202105311346/tools/bin/../lib/gcc/arm-none-eabi/9.3.1/../../../../arm-none-eabi/lib/thumb/v7e-m+fp/hard\libm.a
END GROUP
START GROUP
LOAD c:/st/stm32cubeide_1.8.0/stm32cubeide/plugins/com.st.stm32cube.ide.mcu.externaltools.gnu-tools-for-stm32.9-2020-q2-update.win32_2.0.0.202105311346/tools/bin/../lib/gcc/arm-none-eabi/9.3.1/thumb/v7e-m+fp/hard\libgcc.a
LOAD c:/st/stm32cubeide_1.8.0/stm32cubeide/plugins/com.st.stm32cube.ide.mcu.externaltools.gnu-tools-for-stm32.9-2020-q2-update.win32_2.0.0.202105311346/tools/bin/../lib/gcc/arm-none-eabi/9.3.1/../../../../arm-none-eabi/lib/thumb/v7e-m+fp/hard\libc_nano.a
END GROUP
START GROUP
LOAD c:/st/stm32cubeide_1.8.0/stm32cubeide/plugins/com.st.stm32cube.ide.mcu.externaltools.gnu-tools-for-stm32.9-2020-q2-update.win32_2.0.0.202105311346/tools/bin/../lib/gcc/arm-none-eabi/9.3.1/thumb/v7e-m+fp/hard\libgcc.a
LOAD c:/st/stm32cubeide_1.8.0/stm32cubeide/plugins/com.st.stm32cube.ide.mcu.externaltools.gnu-tools-for-stm32.9-2020-q2-update.win32_2.0.0.202105311346/tools/bin/../lib/gcc/arm-none-eabi/9.3.1/../../../../arm-none-eabi/lib/thumb/v7e-m+fp/hard\libc_nano.a
LOAD c:/st/stm32cubeide_1.8.0/stm32cubeide/plugins/com.st.stm32cube.ide.mcu.externaltools.gnu-tools-for-stm32.9-2020-q2-update.win32_2.0.0.202105311346/tools/bin/../lib/gcc/arm-none-eabi/9.3.1/../../../../arm-none-eabi/lib/thumb/v7e-m+fp/hard\libnosys.a
END GROUP
START GROUP
LOAD c:/st/stm32cubeide_1.8.0/stm32cubeide/plugins/com.st.stm32cube.ide.mcu.externaltools.gnu-tools-for-stm32.9-2020-q2-update.win32_2.0.0.202105311346/tools/bin/../lib/gcc/arm-none-eabi/9.3.1/thumb/v7e-m+fp/hard\libgcc.a
LOAD c:/st/stm32cubeide_1.8.0/stm32cubeide/plugins/com.st.stm32cube.ide.mcu.externaltools.gnu-tools-for-stm32.9-2020-q2-update.win32_2.0.0.202105311346/tools/bin/../lib/gcc/arm-none-eabi/9.3.1/../../../../arm-none-eabi/lib/thumb/v7e-m+fp/hard\libc_nano.a
LOAD c:/st/stm32cubeide_1.8.0/stm32cubeide/plugins/com.st.stm32cube.ide.mcu.externaltools.gnu-tools-for-stm32.9-2020-q2-update.win32_2.0.0.202105311346/tools/bin/../lib/gcc/arm-none-eabi/9.3.1/../../../../arm-none-eabi/lib/thumb/v7e-m+fp/hard\libnosys.a
END GROUP
LOAD c:/st/stm32cubeide_1.8.0/stm32cubeide/plugins/com.st.stm32cube.ide.mcu.externaltools.gnu-tools-for-stm32.9-2020-q2-update.win32_2.0.0.202105311346/tools/bin/../lib/gcc/arm-none-eabi/9.3.1/thumb/v7e-m+fp/hard/crtend.o
LOAD c:/st/stm32cubeide_1.8.0/stm32cubeide/plugins/com.st.stm32cube.ide.mcu.externaltools.gnu-tools-for-stm32.9-2020-q2-update.win32_2.0.0.202105311346/tools/bin/../lib/gcc/arm-none-eabi/9.3.1/thumb/v7e-m+fp/hard/crtn.o
                0x0000000020050000                _estack = (ORIGIN (RAM) + LENGTH (RAM))
                0x0000000000000200                _Min_Heap_Size = 0x200
                0x0000000000000400                _Min_Stack_Size = 0x400

.isr_vector     0x0000000008000000      0x1ac
                0x0000000008000000                . = ALIGN (0x4)
 *(.isr_vector)
 .isr_vector    0x0000000008000000      0x1ac ./Core/Startup/startup_stm32l496zgtx.o
                0x0000000008000000                g_pfnVectors
                0x00000000080001ac                . = ALIGN (0x4)

.text           0x00000000080001ac     0x7518
                0x00000000080001ac                . = ALIGN (0x4)
 *(.text)
 .text          0x00000000080001ac       0x40 c:/st/stm32cubeide_1.8.0/stm32cubeide/plugins/com.st.stm32cube.ide.mcu.externaltools.gnu-tools-for-stm32.9-2020-q2-update.win32_2.0.0.202105311346/tools/bin/../lib/gcc/arm-none-eabi/9.3.1/thumb/v7e-m+fp/hard/crtbegin.o
 .text          0x00000000080001ec       0x14 c:/st/stm32cubeide_1.8.0/stm32cubeide/plugins/com.st.stm32cube.ide.mcu.externaltools.gnu-tools-for-stm32.9-2020-q2-update.win32_2.0.0.202105311346/tools/bin/../lib/gcc/arm-none-eabi/9.3.1/../../../../arm-none-eabi/lib/thumb/v7e-m+fp/hard\libc_nano.a(lib_a-strcmp.o)
                0x00000000080001ec                strcmp
 .text          0x0000000008000200       0x10 c:/st/stm32cubeide_1.8.0/stm32cubeide/plugins/com.st.stm32cube.ide.mcu.externaltools.gnu-tools-for-stm32.9-2020-q2-update.win32_2.0.0.202105311346/tools/bin/../lib/gcc/arm-none-eabi/9.3.1/../../../../arm-none-eabi/lib/thumb/v7e-m+fp/hard\libc_nano.a(lib_a-strlen.o)
                0x0000000008000200                strlen
 *(.text*)
 .text.MX_GPIO_Init
                0x0000000008000210       0xdc ./Core/Src/gpio.o
                0x0000000008000210                MX_GPIO_Init
 .text.buffer_was_raus
                0x00000000080002ec       0x6c ./Core/Src/main.o
                0x00000000080002ec                buffer_was_raus
 .text.buffer_was_rein
                0x0000000008000358       0x78 ./Core/Src/main.o
                0x0000000008000358                buffer_was_rein
 .text.check_usb_buffer
                0x00000000080003d0       0x3c ./Core/Src/main.o
                0x00000000080003d0                check_usb_buffer
 .text.blink_green
                0x000000000800040c       0x24 ./Core/Src/main.o
                0x000000000800040c                blink_green
 .text.blink_blue
                0x0000000008000430       0x34 ./Core/Src/main.o
                0x0000000008000430                blink_blue
 .text.read_input
                0x0000000008000464       0x18 ./Core/Src/main.o
                0x0000000008000464                read_input
 .text.show_lifesigns
                0x000000000800047c       0x38 ./Core/Src/main.o
                0x000000000800047c                show_lifesigns
 .text.get_fifo_buffer_length
                0x00000000080004b4       0x54 ./Core/Src/main.o
                0x00000000080004b4                get_fifo_buffer_length
 .text.check_command
                0x0000000008000508      0x118 ./Core/Src/main.o
                0x0000000008000508                check_command
 .text.check_number
                0x0000000008000620      0x102 ./Core/Src/main.o
                0x0000000008000620                check_number
 *fill*         0x0000000008000722        0x2 
 .text.calculate_data
                0x0000000008000724       0x3c ./Core/Src/main.o
                0x0000000008000724                calculate_data
 .text.start_reading_Spi
                0x0000000008000760       0xc8 ./Core/Src/main.o
                0x0000000008000760                start_reading_Spi
 .text.write_new_line_usb
                0x0000000008000828       0x38 ./Core/Src/main.o
                0x0000000008000828                write_new_line_usb
 .text.show_commands
                0x0000000008000860       0x64 ./Core/Src/main.o
                0x0000000008000860                show_commands
 .text.show_data
                0x00000000080008c4       0x3c ./Core/Src/main.o
                0x00000000080008c4                show_data
 .text.answer_command
                0x0000000008000900      0x114 ./Core/Src/main.o
                0x0000000008000900                answer_command
 .text.main     0x0000000008000a14       0x22 ./Core/Src/main.o
                0x0000000008000a14                main
 .text.SystemClock_Config
                0x0000000008000a36       0xac ./Core/Src/main.o
                0x0000000008000a36                SystemClock_Config
 .text.Error_Handler
                0x0000000008000ae2        0xa ./Core/Src/main.o
                0x0000000008000ae2                Error_Handler
 .text.HAL_MspInit
                0x0000000008000aec       0x48 ./Core/Src/stm32l4xx_hal_msp.o
                0x0000000008000aec                HAL_MspInit
 .text.NMI_Handler
                0x0000000008000b34        0x6 ./Core/Src/stm32l4xx_it.o
                0x0000000008000b34                NMI_Handler
 .text.HardFault_Handler
                0x0000000008000b3a        0x6 ./Core/Src/stm32l4xx_it.o
                0x0000000008000b3a                HardFault_Handler
 .text.MemManage_Handler
                0x0000000008000b40        0x6 ./Core/Src/stm32l4xx_it.o
                0x0000000008000b40                MemManage_Handler
 .text.BusFault_Handler
                0x0000000008000b46        0x6 ./Core/Src/stm32l4xx_it.o
                0x0000000008000b46                BusFault_Handler
 .text.UsageFault_Handler
                0x0000000008000b4c        0x6 ./Core/Src/stm32l4xx_it.o
                0x0000000008000b4c                UsageFault_Handler
 .text.SVC_Handler
                0x0000000008000b52        0xe ./Core/Src/stm32l4xx_it.o
                0x0000000008000b52                SVC_Handler
 .text.DebugMon_Handler
                0x0000000008000b60        0xe ./Core/Src/stm32l4xx_it.o
                0x0000000008000b60                DebugMon_Handler
 .text.PendSV_Handler
                0x0000000008000b6e        0xe ./Core/Src/stm32l4xx_it.o
                0x0000000008000b6e                PendSV_Handler
 .text.SysTick_Handler
                0x0000000008000b7c        0xc ./Core/Src/stm32l4xx_it.o
                0x0000000008000b7c                SysTick_Handler
 .text.OTG_FS_IRQHandler
                0x0000000008000b88       0x14 ./Core/Src/stm32l4xx_it.o
                0x0000000008000b88                OTG_FS_IRQHandler
 .text.SystemInit
                0x0000000008000b9c       0x24 ./Core/Src/system_stm32l4xx.o
                0x0000000008000b9c                SystemInit
 .text.Reset_Handler
                0x0000000008000bc0       0x50 ./Core/Startup/startup_stm32l496zgtx.o
                0x0000000008000bc0                Reset_Handler
 .text.Default_Handler
                0x0000000008000c10        0x2 ./Core/Startup/startup_stm32l496zgtx.o
                0x0000000008000c10                RTC_Alarm_IRQHandler
                0x0000000008000c10                EXTI2_IRQHandler
                0x0000000008000c10                TIM8_TRG_COM_IRQHandler
                0x0000000008000c10                TIM8_CC_IRQHandler
                0x0000000008000c10                TIM1_CC_IRQHandler
                0x0000000008000c10                TSC_IRQHandler
                0x0000000008000c10                TAMP_STAMP_IRQHandler
                0x0000000008000c10                CAN2_RX1_IRQHandler
                0x0000000008000c10                EXTI3_IRQHandler
                0x0000000008000c10                LPTIM2_IRQHandler
                0x0000000008000c10                DFSDM1_FLT1_IRQHandler
                0x0000000008000c10                I2C3_ER_IRQHandler
                0x0000000008000c10                DFSDM1_FLT2_IRQHandler
                0x0000000008000c10                EXTI0_IRQHandler
                0x0000000008000c10                I2C2_EV_IRQHandler
                0x0000000008000c10                CAN1_RX0_IRQHandler
                0x0000000008000c10                FPU_IRQHandler
                0x0000000008000c10                TIM1_UP_TIM16_IRQHandler
                0x0000000008000c10                CAN2_SCE_IRQHandler
                0x0000000008000c10                ADC1_2_IRQHandler
                0x0000000008000c10                SPI1_IRQHandler
                0x0000000008000c10                TIM6_DAC_IRQHandler
                0x0000000008000c10                DCMI_IRQHandler
                0x0000000008000c10                CAN2_RX0_IRQHandler
                0x0000000008000c10                TIM8_UP_IRQHandler
                0x0000000008000c10                DMA2_Channel2_IRQHandler
                0x0000000008000c10                DMA1_Channel4_IRQHandler
                0x0000000008000c10                SAI2_IRQHandler
                0x0000000008000c10                DFSDM1_FLT3_IRQHandler
                0x0000000008000c10                USART3_IRQHandler
                0x0000000008000c10                DMA1_Channel7_IRQHandler
                0x0000000008000c10                CAN1_RX1_IRQHandler
                0x0000000008000c10                LCD_IRQHandler
                0x0000000008000c10                UART5_IRQHandler
                0x0000000008000c10                ADC3_IRQHandler
                0x0000000008000c10                TIM4_IRQHandler
                0x0000000008000c10                DMA2_Channel1_IRQHandler
                0x0000000008000c10                QUADSPI_IRQHandler
                0x0000000008000c10                I2C1_EV_IRQHandler
                0x0000000008000c10                DMA1_Channel6_IRQHandler
                0x0000000008000c10                UART4_IRQHandler
                0x0000000008000c10                DMA2_Channel4_IRQHandler
                0x0000000008000c10                TIM3_IRQHandler
                0x0000000008000c10                RCC_IRQHandler
                0x0000000008000c10                DMA1_Channel1_IRQHandler
                0x0000000008000c10                Default_Handler
                0x0000000008000c10                DMA2_Channel7_IRQHandler
                0x0000000008000c10                EXTI15_10_IRQHandler
                0x0000000008000c10                TIM7_IRQHandler
                0x0000000008000c10                SDMMC1_IRQHandler
                0x0000000008000c10                CAN2_TX_IRQHandler
                0x0000000008000c10                TIM5_IRQHandler
                0x0000000008000c10                I2C3_EV_IRQHandler
                0x0000000008000c10                EXTI9_5_IRQHandler
                0x0000000008000c10                RTC_WKUP_IRQHandler
                0x0000000008000c10                PVD_PVM_IRQHandler
                0x0000000008000c10                SPI2_IRQHandler
                0x0000000008000c10                CAN1_TX_IRQHandler
                0x0000000008000c10                DMA2_Channel5_IRQHandler
                0x0000000008000c10                CRS_IRQHandler
                0x0000000008000c10                DMA1_Channel5_IRQHandler
                0x0000000008000c10                EXTI4_IRQHandler
                0x0000000008000c10                RNG_IRQHandler
                0x0000000008000c10                TIM1_TRG_COM_TIM17_IRQHandler
                0x0000000008000c10                DMA1_Channel3_IRQHandler
                0x0000000008000c10                COMP_IRQHandler
                0x0000000008000c10                WWDG_IRQHandler
                0x0000000008000c10                I2C4_EV_IRQHandler
                0x0000000008000c10                LPUART1_IRQHandler
                0x0000000008000c10                DMA2_Channel6_IRQHandler
                0x0000000008000c10                TIM2_IRQHandler
                0x0000000008000c10                EXTI1_IRQHandler
                0x0000000008000c10                USART2_IRQHandler
                0x0000000008000c10                DFSDM1_FLT0_IRQHandler
                0x0000000008000c10                I2C2_ER_IRQHandler
                0x0000000008000c10                DMA1_Channel2_IRQHandler
                0x0000000008000c10                TIM8_BRK_IRQHandler
                0x0000000008000c10                CAN1_SCE_IRQHandler
                0x0000000008000c10                FLASH_IRQHandler
                0x0000000008000c10                USART1_IRQHandler
                0x0000000008000c10                SPI3_IRQHandler
                0x0000000008000c10                I2C1_ER_IRQHandler
                0x0000000008000c10                FMC_IRQHandler
                0x0000000008000c10                SWPMI1_IRQHandler
                0x0000000008000c10                LPTIM1_IRQHandler
                0x0000000008000c10                I2C4_ER_IRQHandler
                0x0000000008000c10                SAI1_IRQHandler
                0x0000000008000c10                DMA2_Channel3_IRQHandler
                0x0000000008000c10                TIM1_BRK_TIM15_IRQHandler
 .text.HAL_Init
                0x0000000008000c12       0x30 ./Drivers/STM32L4xx_HAL_Driver/Src/stm32l4xx_hal.o
                0x0000000008000c12                HAL_Init
 *fill*         0x0000000008000c42        0x2 
 .text.HAL_InitTick
                0x0000000008000c44       0x78 ./Drivers/STM32L4xx_HAL_Driver/Src/stm32l4xx_hal.o
                0x0000000008000c44                HAL_InitTick
 .text.HAL_IncTick
                0x0000000008000cbc       0x28 ./Drivers/STM32L4xx_HAL_Driver/Src/stm32l4xx_hal.o
                0x0000000008000cbc                HAL_IncTick
 .text.HAL_GetTick
                0x0000000008000ce4       0x18 ./Drivers/STM32L4xx_HAL_Driver/Src/stm32l4xx_hal.o
                0x0000000008000ce4                HAL_GetTick
 .text.HAL_Delay
                0x0000000008000cfc       0x48 ./Drivers/STM32L4xx_HAL_Driver/Src/stm32l4xx_hal.o
                0x0000000008000cfc                HAL_Delay
 .text.__NVIC_SetPriorityGrouping
                0x0000000008000d44       0x48 ./Drivers/STM32L4xx_HAL_Driver/Src/stm32l4xx_hal_cortex.o
 .text.__NVIC_GetPriorityGrouping
                0x0000000008000d8c       0x1c ./Drivers/STM32L4xx_HAL_Driver/Src/stm32l4xx_hal_cortex.o
 .text.__NVIC_EnableIRQ
                0x0000000008000da8       0x3c ./Drivers/STM32L4xx_HAL_Driver/Src/stm32l4xx_hal_cortex.o
 .text.__NVIC_SetPriority
                0x0000000008000de4       0x54 ./Drivers/STM32L4xx_HAL_Driver/Src/stm32l4xx_hal_cortex.o
 .text.NVIC_EncodePriority
                0x0000000008000e38       0x66 ./Drivers/STM32L4xx_HAL_Driver/Src/stm32l4xx_hal_cortex.o
 *fill*         0x0000000008000e9e        0x2 
 .text.SysTick_Config
                0x0000000008000ea0       0x44 ./Drivers/STM32L4xx_HAL_Driver/Src/stm32l4xx_hal_cortex.o
 .text.HAL_NVIC_SetPriorityGrouping
                0x0000000008000ee4       0x16 ./Drivers/STM32L4xx_HAL_Driver/Src/stm32l4xx_hal_cortex.o
                0x0000000008000ee4                HAL_NVIC_SetPriorityGrouping
 .text.HAL_NVIC_SetPriority
                0x0000000008000efa       0x38 ./Drivers/STM32L4xx_HAL_Driver/Src/stm32l4xx_hal_cortex.o
                0x0000000008000efa                HAL_NVIC_SetPriority
 .text.HAL_NVIC_EnableIRQ
                0x0000000008000f32       0x1c ./Drivers/STM32L4xx_HAL_Driver/Src/stm32l4xx_hal_cortex.o
                0x0000000008000f32                HAL_NVIC_EnableIRQ
 .text.HAL_SYSTICK_Config
                0x0000000008000f4e       0x18 ./Drivers/STM32L4xx_HAL_Driver/Src/stm32l4xx_hal_cortex.o
                0x0000000008000f4e                HAL_SYSTICK_Config
 *fill*         0x0000000008000f66        0x2 
 .text.HAL_GPIO_Init
                0x0000000008000f68      0x324 ./Drivers/STM32L4xx_HAL_Driver/Src/stm32l4xx_hal_gpio.o
                0x0000000008000f68                HAL_GPIO_Init
 .text.HAL_GPIO_ReadPin
                0x000000000800128c       0x30 ./Drivers/STM32L4xx_HAL_Driver/Src/stm32l4xx_hal_gpio.o
                0x000000000800128c                HAL_GPIO_ReadPin
 .text.HAL_GPIO_WritePin
                0x00000000080012bc       0x30 ./Drivers/STM32L4xx_HAL_Driver/Src/stm32l4xx_hal_gpio.o
                0x00000000080012bc                HAL_GPIO_WritePin
 .text.HAL_GPIO_TogglePin
                0x00000000080012ec       0x34 ./Drivers/STM32L4xx_HAL_Driver/Src/stm32l4xx_hal_gpio.o
                0x00000000080012ec                HAL_GPIO_TogglePin
 .text.HAL_PCD_Init
                0x0000000008001320      0x248 ./Drivers/STM32L4xx_HAL_Driver/Src/stm32l4xx_hal_pcd.o
                0x0000000008001320                HAL_PCD_Init
 .text.HAL_PCD_Start
                0x0000000008001568       0x5e ./Drivers/STM32L4xx_HAL_Driver/Src/stm32l4xx_hal_pcd.o
                0x0000000008001568                HAL_PCD_Start
 .text.HAL_PCD_IRQHandler
                0x00000000080015c6      0x732 ./Drivers/STM32L4xx_HAL_Driver/Src/stm32l4xx_hal_pcd.o
                0x00000000080015c6                HAL_PCD_IRQHandler
 .text.HAL_PCD_SetAddress
                0x0000000008001cf8       0x4a ./Drivers/STM32L4xx_HAL_Driver/Src/stm32l4xx_hal_pcd.o
                0x0000000008001cf8                HAL_PCD_SetAddress
 .text.HAL_PCD_EP_Open
                0x0000000008001d42       0xd0 ./Drivers/STM32L4xx_HAL_Driver/Src/stm32l4xx_hal_pcd.o
                0x0000000008001d42                HAL_PCD_EP_Open
 .text.HAL_PCD_EP_Close
                0x0000000008001e12       0x94 ./Drivers/STM32L4xx_HAL_Driver/Src/stm32l4xx_hal_pcd.o
                0x0000000008001e12                HAL_PCD_EP_Close
 .text.HAL_PCD_EP_Receive
                0x0000000008001ea6       0x7c ./Drivers/STM32L4xx_HAL_Driver/Src/stm32l4xx_hal_pcd.o
                0x0000000008001ea6                HAL_PCD_EP_Receive
 .text.HAL_PCD_EP_GetRxCount
                0x0000000008001f22       0x30 ./Drivers/STM32L4xx_HAL_Driver/Src/stm32l4xx_hal_pcd.o
                0x0000000008001f22                HAL_PCD_EP_GetRxCount
 .text.HAL_PCD_EP_Transmit
                0x0000000008001f52       0x7a ./Drivers/STM32L4xx_HAL_Driver/Src/stm32l4xx_hal_pcd.o
                0x0000000008001f52                HAL_PCD_EP_Transmit
 .text.HAL_PCD_EP_SetStall
                0x0000000008001fcc       0xc4 ./Drivers/STM32L4xx_HAL_Driver/Src/stm32l4xx_hal_pcd.o
                0x0000000008001fcc                HAL_PCD_EP_SetStall
 .text.HAL_PCD_EP_ClrStall
                0x0000000008002090       0xac ./Drivers/STM32L4xx_HAL_Driver/Src/stm32l4xx_hal_pcd.o
                0x0000000008002090                HAL_PCD_EP_ClrStall
 .text.PCD_WriteEmptyTxFifo
                0x000000000800213c      0x110 ./Drivers/STM32L4xx_HAL_Driver/Src/stm32l4xx_hal_pcd.o
 .text.PCD_EP_OutXfrComplete_int
                0x000000000800224c       0x9c ./Drivers/STM32L4xx_HAL_Driver/Src/stm32l4xx_hal_pcd.o
 .text.PCD_EP_OutSetupPacket_int
                0x00000000080022e8       0x68 ./Drivers/STM32L4xx_HAL_Driver/Src/stm32l4xx_hal_pcd.o
 .text.HAL_PCDEx_SetTxFiFo
                0x0000000008002350       0x8e ./Drivers/STM32L4xx_HAL_Driver/Src/stm32l4xx_hal_pcd_ex.o
                0x0000000008002350                HAL_PCDEx_SetTxFiFo
 .text.HAL_PCDEx_SetRxFiFo
                0x00000000080023de       0x22 ./Drivers/STM32L4xx_HAL_Driver/Src/stm32l4xx_hal_pcd_ex.o
                0x00000000080023de                HAL_PCDEx_SetRxFiFo
 .text.HAL_PCDEx_ActivateLPM
                0x0000000008002400       0x48 ./Drivers/STM32L4xx_HAL_Driver/Src/stm32l4xx_hal_pcd_ex.o
                0x0000000008002400                HAL_PCDEx_ActivateLPM
 .text.HAL_PWREx_GetVoltageRange
                0x0000000008002448       0x1c ./Drivers/STM32L4xx_HAL_Driver/Src/stm32l4xx_hal_pwr_ex.o
                0x0000000008002448                HAL_PWREx_GetVoltageRange
 .text.HAL_PWREx_ControlVoltageScaling
                0x0000000008002464       0xac ./Drivers/STM32L4xx_HAL_Driver/Src/stm32l4xx_hal_pwr_ex.o
                0x0000000008002464                HAL_PWREx_ControlVoltageScaling
 .text.HAL_PWREx_EnableVddUSB
                0x0000000008002510       0x20 ./Drivers/STM32L4xx_HAL_Driver/Src/stm32l4xx_hal_pwr_ex.o
                0x0000000008002510                HAL_PWREx_EnableVddUSB
 .text.HAL_RCC_OscConfig
                0x0000000008002530      0x84c ./Drivers/STM32L4xx_HAL_Driver/Src/stm32l4xx_hal_rcc.o
                0x0000000008002530                HAL_RCC_OscConfig
 .text.HAL_RCC_ClockConfig
                0x0000000008002d7c      0x1c4 ./Drivers/STM32L4xx_HAL_Driver/Src/stm32l4xx_hal_rcc.o
                0x0000000008002d7c                HAL_RCC_ClockConfig
 .text.HAL_RCC_GetSysClockFreq
                0x0000000008002f40      0x118 ./Drivers/STM32L4xx_HAL_Driver/Src/stm32l4xx_hal_rcc.o
                0x0000000008002f40                HAL_RCC_GetSysClockFreq
 .text.HAL_RCC_GetHCLKFreq
                0x0000000008003058       0x18 ./Drivers/STM32L4xx_HAL_Driver/Src/stm32l4xx_hal_rcc.o
                0x0000000008003058                HAL_RCC_GetHCLKFreq
 .text.RCC_SetFlashLatencyFromMSIRange
                0x0000000008003070       0xc0 ./Drivers/STM32L4xx_HAL_Driver/Src/stm32l4xx_hal_rcc.o
 .text.HAL_RCCEx_PeriphCLKConfig
                0x0000000008003130      0x5f8 ./Drivers/STM32L4xx_HAL_Driver/Src/stm32l4xx_hal_rcc_ex.o
                0x0000000008003130                HAL_RCCEx_PeriphCLKConfig
 .text.HAL_RCCEx_EnableMSIPLLMode
                0x0000000008003728       0x20 ./Drivers/STM32L4xx_HAL_Driver/Src/stm32l4xx_hal_rcc_ex.o
                0x0000000008003728                HAL_RCCEx_EnableMSIPLLMode
 .text.RCCEx_PLLSAI1_Config
                0x0000000008003748      0x1e4 ./Drivers/STM32L4xx_HAL_Driver/Src/stm32l4xx_hal_rcc_ex.o
 .text.RCCEx_PLLSAI2_Config
                0x000000000800392c      0x1b8 ./Drivers/STM32L4xx_HAL_Driver/Src/stm32l4xx_hal_rcc_ex.o
 .text.USB_CoreInit
                0x0000000008003ae4       0x58 ./Drivers/STM32L4xx_HAL_Driver/Src/stm32l4xx_ll_usb.o
                0x0000000008003ae4                USB_CoreInit
 .text.USB_SetTurnaroundTime
                0x0000000008003b3c      0x138 ./Drivers/STM32L4xx_HAL_Driver/Src/stm32l4xx_ll_usb.o
                0x0000000008003b3c                USB_SetTurnaroundTime
 .text.USB_EnableGlobalInt
                0x0000000008003c74       0x22 ./Drivers/STM32L4xx_HAL_Driver/Src/stm32l4xx_ll_usb.o
                0x0000000008003c74                USB_EnableGlobalInt
 .text.USB_DisableGlobalInt
                0x0000000008003c96       0x22 ./Drivers/STM32L4xx_HAL_Driver/Src/stm32l4xx_ll_usb.o
                0x0000000008003c96                USB_DisableGlobalInt
 .text.USB_SetCurrentMode
                0x0000000008003cb8       0x98 ./Drivers/STM32L4xx_HAL_Driver/Src/stm32l4xx_ll_usb.o
                0x0000000008003cb8                USB_SetCurrentMode
 .text.USB_DevInit
                0x0000000008003d50      0x298 ./Drivers/STM32L4xx_HAL_Driver/Src/stm32l4xx_ll_usb.o
                0x0000000008003d50                USB_DevInit
 .text.USB_FlushTxFifo
                0x0000000008003fe8       0x64 ./Drivers/STM32L4xx_HAL_Driver/Src/stm32l4xx_ll_usb.o
                0x0000000008003fe8                USB_FlushTxFifo
 .text.USB_FlushRxFifo
                0x000000000800404c       0x5c ./Drivers/STM32L4xx_HAL_Driver/Src/stm32l4xx_ll_usb.o
                0x000000000800404c                USB_FlushRxFifo
 .text.USB_SetDevSpeed
                0x00000000080040a8       0x32 ./Drivers/STM32L4xx_HAL_Driver/Src/stm32l4xx_ll_usb.o
                0x00000000080040a8                USB_SetDevSpeed
 .text.USB_GetDevSpeed
                0x00000000080040da       0x3e ./Drivers/STM32L4xx_HAL_Driver/Src/stm32l4xx_ll_usb.o
                0x00000000080040da                USB_GetDevSpeed
 .text.USB_ActivateEndpoint
                0x0000000008004118      0x10e ./Drivers/STM32L4xx_HAL_Driver/Src/stm32l4xx_ll_usb.o
                0x0000000008004118                USB_ActivateEndpoint
 *fill*         0x0000000008004226        0x2 
 .text.USB_DeactivateEndpoint
                0x0000000008004228      0x1b8 ./Drivers/STM32L4xx_HAL_Driver/Src/stm32l4xx_ll_usb.o
                0x0000000008004228                USB_DeactivateEndpoint
 .text.USB_EPStartXfer
                0x00000000080043e0      0x3b8 ./Drivers/STM32L4xx_HAL_Driver/Src/stm32l4xx_ll_usb.o
                0x00000000080043e0                USB_EPStartXfer
 .text.USB_EP0StartXfer
                0x0000000008004798      0x23c ./Drivers/STM32L4xx_HAL_Driver/Src/stm32l4xx_ll_usb.o
                0x0000000008004798                USB_EP0StartXfer
 .text.USB_WritePacket
                0x00000000080049d4       0x74 ./Drivers/STM32L4xx_HAL_Driver/Src/stm32l4xx_ll_usb.o
                0x00000000080049d4                USB_WritePacket
 .text.USB_ReadPacket
                0x0000000008004a48       0xb0 ./Drivers/STM32L4xx_HAL_Driver/Src/stm32l4xx_ll_usb.o
                0x0000000008004a48                USB_ReadPacket
 .text.USB_EPSetStall
                0x0000000008004af8       0xdc ./Drivers/STM32L4xx_HAL_Driver/Src/stm32l4xx_ll_usb.o
                0x0000000008004af8                USB_EPSetStall
 .text.USB_EPClearStall
                0x0000000008004bd4       0xcc ./Drivers/STM32L4xx_HAL_Driver/Src/stm32l4xx_ll_usb.o
                0x0000000008004bd4                USB_EPClearStall
 .text.USB_SetDevAddress
                0x0000000008004ca0       0x4c ./Drivers/STM32L4xx_HAL_Driver/Src/stm32l4xx_ll_usb.o
                0x0000000008004ca0                USB_SetDevAddress
 .text.USB_DevConnect
                0x0000000008004cec       0x42 ./Drivers/STM32L4xx_HAL_Driver/Src/stm32l4xx_ll_usb.o
                0x0000000008004cec                USB_DevConnect
 .text.USB_DevDisconnect
                0x0000000008004d2e       0x42 ./Drivers/STM32L4xx_HAL_Driver/Src/stm32l4xx_ll_usb.o
                0x0000000008004d2e                USB_DevDisconnect
 .text.USB_ReadInterrupts
                0x0000000008004d70       0x26 ./Drivers/STM32L4xx_HAL_Driver/Src/stm32l4xx_ll_usb.o
                0x0000000008004d70                USB_ReadInterrupts
 .text.USB_ReadDevAllOutEpInterrupt
                0x0000000008004d96       0x34 ./Drivers/STM32L4xx_HAL_Driver/Src/stm32l4xx_ll_usb.o
                0x0000000008004d96                USB_ReadDevAllOutEpInterrupt
 .text.USB_ReadDevAllInEpInterrupt
                0x0000000008004dca       0x34 ./Drivers/STM32L4xx_HAL_Driver/Src/stm32l4xx_ll_usb.o
                0x0000000008004dca                USB_ReadDevAllInEpInterrupt
 .text.USB_ReadDevOutEPInterrupt
                0x0000000008004dfe       0x3c ./Drivers/STM32L4xx_HAL_Driver/Src/stm32l4xx_ll_usb.o
                0x0000000008004dfe                USB_ReadDevOutEPInterrupt
 .text.USB_ReadDevInEPInterrupt
                0x0000000008004e3a       0x5c ./Drivers/STM32L4xx_HAL_Driver/Src/stm32l4xx_ll_usb.o
                0x0000000008004e3a                USB_ReadDevInEPInterrupt
 .text.USB_GetMode
                0x0000000008004e96       0x1c ./Drivers/STM32L4xx_HAL_Driver/Src/stm32l4xx_ll_usb.o
                0x0000000008004e96                USB_GetMode
 .text.USB_ActivateSetup
                0x0000000008004eb2       0x46 ./Drivers/STM32L4xx_HAL_Driver/Src/stm32l4xx_ll_usb.o
                0x0000000008004eb2                USB_ActivateSetup
 .text.USB_EP0_OutStart
                0x0000000008004ef8       0x90 ./Drivers/STM32L4xx_HAL_Driver/Src/stm32l4xx_ll_usb.o
                0x0000000008004ef8                USB_EP0_OutStart
 .text.USB_CoreReset
                0x0000000008004f88       0x64 ./Drivers/STM32L4xx_HAL_Driver/Src/stm32l4xx_ll_usb.o
 .text.USBD_CDC_Init
                0x0000000008004fec       0xfe ./Middlewares/ST/STM32_USB_Device_Library/Class/CDC/Src/usbd_cdc.o
 .text.USBD_CDC_DeInit
                0x00000000080050ea       0x74 ./Middlewares/ST/STM32_USB_Device_Library/Class/CDC/Src/usbd_cdc.o
 *fill*         0x000000000800515e        0x2 
 .text.USBD_CDC_Setup
                0x0000000008005160      0x190 ./Middlewares/ST/STM32_USB_Device_Library/Class/CDC/Src/usbd_cdc.o
 .text.USBD_CDC_DataIn
                0x00000000080052f0       0xca ./Middlewares/ST/STM32_USB_Device_Library/Class/CDC/Src/usbd_cdc.o
 .text.USBD_CDC_DataOut
                0x00000000080053ba       0x56 ./Middlewares/ST/STM32_USB_Device_Library/Class/CDC/Src/usbd_cdc.o
 .text.USBD_CDC_EP0_RxReady
                0x0000000008005410       0x5a ./Middlewares/ST/STM32_USB_Device_Library/Class/CDC/Src/usbd_cdc.o
 *fill*         0x000000000800546a        0x2 
 .text.USBD_CDC_GetFSCfgDesc
                0x000000000800546c       0x20 ./Middlewares/ST/STM32_USB_Device_Library/Class/CDC/Src/usbd_cdc.o
 .text.USBD_CDC_GetHSCfgDesc
                0x000000000800548c       0x20 ./Middlewares/ST/STM32_USB_Device_Library/Class/CDC/Src/usbd_cdc.o
 .text.USBD_CDC_GetOtherSpeedCfgDesc
                0x00000000080054ac       0x20 ./Middlewares/ST/STM32_USB_Device_Library/Class/CDC/Src/usbd_cdc.o
 .text.USBD_CDC_GetDeviceQualifierDescriptor
                0x00000000080054cc       0x20 ./Middlewares/ST/STM32_USB_Device_Library/Class/CDC/Src/usbd_cdc.o
                0x00000000080054cc                USBD_CDC_GetDeviceQualifierDescriptor
 .text.USBD_CDC_RegisterInterface
                0x00000000080054ec       0x2a ./Middlewares/ST/STM32_USB_Device_Library/Class/CDC/Src/usbd_cdc.o
                0x00000000080054ec                USBD_CDC_RegisterInterface
 .text.USBD_CDC_SetTxBuffer
                0x0000000008005516       0x3c ./Middlewares/ST/STM32_USB_Device_Library/Class/CDC/Src/usbd_cdc.o
                0x0000000008005516                USBD_CDC_SetTxBuffer
 .text.USBD_CDC_SetRxBuffer
                0x0000000008005552       0x32 ./Middlewares/ST/STM32_USB_Device_Library/Class/CDC/Src/usbd_cdc.o
                0x0000000008005552                USBD_CDC_SetRxBuffer
 .text.USBD_CDC_TransmitPacket
                0x0000000008005584       0x60 ./Middlewares/ST/STM32_USB_Device_Library/Class/CDC/Src/usbd_cdc.o
                0x0000000008005584                USBD_CDC_TransmitPacket
 .text.USBD_CDC_ReceivePacket
                0x00000000080055e4       0x54 ./Middlewares/ST/STM32_USB_Device_Library/Class/CDC/Src/usbd_cdc.o
                0x00000000080055e4                USBD_CDC_ReceivePacket
 .text.USBD_Init
                0x0000000008005638       0x60 ./Middlewares/ST/STM32_USB_Device_Library/Core/Src/usbd_core.o
                0x0000000008005638                USBD_Init
 .text.USBD_RegisterClass
                0x0000000008005698       0x4e ./Middlewares/ST/STM32_USB_Device_Library/Core/Src/usbd_core.o
                0x0000000008005698                USBD_RegisterClass
 .text.USBD_Start
                0x00000000080056e6       0x18 ./Middlewares/ST/STM32_USB_Device_Library/Core/Src/usbd_core.o
                0x00000000080056e6                USBD_Start
 .text.USBD_RunTestMode
                0x00000000080056fe       0x16 ./Middlewares/ST/STM32_USB_Device_Library/Core/Src/usbd_core.o
                0x00000000080056fe                USBD_RunTestMode
 .text.USBD_SetClassConfig
                0x0000000008005714       0x38 ./Middlewares/ST/STM32_USB_Device_Library/Core/Src/usbd_core.o
                0x0000000008005714                USBD_SetClassConfig
 .text.USBD_ClrClassConfig
                0x000000000800574c       0x30 ./Middlewares/ST/STM32_USB_Device_Library/Core/Src/usbd_core.o
                0x000000000800574c                USBD_ClrClassConfig
 .text.USBD_LL_SetupStage
                0x000000000800577c       0xaa ./Middlewares/ST/STM32_USB_Device_Library/Core/Src/usbd_core.o
                0x000000000800577c                USBD_LL_SetupStage
 .text.USBD_LL_DataOutStage
                0x0000000008005826       0xc6 ./Middlewares/ST/STM32_USB_Device_Library/Core/Src/usbd_core.o
                0x0000000008005826                USBD_LL_DataOutStage
 .text.USBD_LL_DataInStage
                0x00000000080058ec      0x12c ./Middlewares/ST/STM32_USB_Device_Library/Core/Src/usbd_core.o
                0x00000000080058ec                USBD_LL_DataInStage
 .text.USBD_LL_Reset
                0x0000000008005a18       0x9c ./Middlewares/ST/STM32_USB_Device_Library/Core/Src/usbd_core.o
                0x0000000008005a18                USBD_LL_Reset
 .text.USBD_LL_SetSpeed
                0x0000000008005ab4       0x20 ./Middlewares/ST/STM32_USB_Device_Library/Core/Src/usbd_core.o
                0x0000000008005ab4                USBD_LL_SetSpeed
 .text.USBD_LL_Suspend
                0x0000000008005ad4       0x2c ./Middlewares/ST/STM32_USB_Device_Library/Core/Src/usbd_core.o
                0x0000000008005ad4                USBD_LL_Suspend
 .text.USBD_LL_Resume
                0x0000000008005b00       0x30 ./Middlewares/ST/STM32_USB_Device_Library/Core/Src/usbd_core.o
                0x0000000008005b00                USBD_LL_Resume
 .text.USBD_LL_SOF
                0x0000000008005b30       0x44 ./Middlewares/ST/STM32_USB_Device_Library/Core/Src/usbd_core.o
                0x0000000008005b30                USBD_LL_SOF
 .text.USBD_LL_IsoINIncomplete
                0x0000000008005b74       0x4c ./Middlewares/ST/STM32_USB_Device_Library/Core/Src/usbd_core.o
                0x0000000008005b74                USBD_LL_IsoINIncomplete
 .text.USBD_LL_IsoOUTIncomplete
                0x0000000008005bc0       0x4c ./Middlewares/ST/STM32_USB_Device_Library/Core/Src/usbd_core.o
                0x0000000008005bc0                USBD_LL_IsoOUTIncomplete
 .text.USBD_LL_DevConnected
                0x0000000008005c0c       0x16 ./Middlewares/ST/STM32_USB_Device_Library/Core/Src/usbd_core.o
                0x0000000008005c0c                USBD_LL_DevConnected
 .text.USBD_LL_DevDisconnected
                0x0000000008005c22       0x38 ./Middlewares/ST/STM32_USB_Device_Library/Core/Src/usbd_core.o
                0x0000000008005c22                USBD_LL_DevDisconnected
 .text.SWAPBYTE
                0x0000000008005c5a       0x3c ./Middlewares/ST/STM32_USB_Device_Library/Core/Src/usbd_ctlreq.o
 *fill*         0x0000000008005c96        0x2 
 .text.USBD_StdDevReq
                0x0000000008005c98       0xdc ./Middlewares/ST/STM32_USB_Device_Library/Core/Src/usbd_ctlreq.o
                0x0000000008005c98                USBD_StdDevReq
 .text.USBD_StdItfReq
                0x0000000008005d74       0x92 ./Middlewares/ST/STM32_USB_Device_Library/Core/Src/usbd_ctlreq.o
                0x0000000008005d74                USBD_StdItfReq
 .text.USBD_StdEPReq
                0x0000000008005e06      0x2c4 ./Middlewares/ST/STM32_USB_Device_Library/Core/Src/usbd_ctlreq.o
                0x0000000008005e06                USBD_StdEPReq
 *fill*         0x00000000080060ca        0x2 
 .text.USBD_GetDescriptor
                0x00000000080060cc      0x328 ./Middlewares/ST/STM32_USB_Device_Library/Core/Src/usbd_ctlreq.o
 .text.USBD_SetAddress
                0x00000000080063f4       0x88 ./Middlewares/ST/STM32_USB_Device_Library/Core/Src/usbd_ctlreq.o
 .text.USBD_SetConfig
                0x000000000800647c      0x14c ./Middlewares/ST/STM32_USB_Device_Library/Core/Src/usbd_ctlreq.o
 .text.USBD_GetConfig
                0x00000000080065c8       0x6c ./Middlewares/ST/STM32_USB_Device_Library/Core/Src/usbd_ctlreq.o
 .text.USBD_GetStatus
                0x0000000008006634       0x68 ./Middlewares/ST/STM32_USB_Device_Library/Core/Src/usbd_ctlreq.o
 .text.USBD_SetFeature
                0x000000000800669c       0x28 ./Middlewares/ST/STM32_USB_Device_Library/Core/Src/usbd_ctlreq.o
 .text.USBD_ClrFeature
                0x00000000080066c4       0x44 ./Middlewares/ST/STM32_USB_Device_Library/Core/Src/usbd_ctlreq.o
 .text.USBD_ParseSetupRequest
                0x0000000008006708       0x74 ./Middlewares/ST/STM32_USB_Device_Library/Core/Src/usbd_ctlreq.o
                0x0000000008006708                USBD_ParseSetupRequest
 .text.USBD_CtlError
                0x000000000800677c       0x22 ./Middlewares/ST/STM32_USB_Device_Library/Core/Src/usbd_ctlreq.o
                0x000000000800677c                USBD_CtlError
 .text.USBD_GetString
                0x000000000800679e       0x8c ./Middlewares/ST/STM32_USB_Device_Library/Core/Src/usbd_ctlreq.o
                0x000000000800679e                USBD_GetString
 .text.USBD_GetLen
                0x000000000800682a       0x34 ./Middlewares/ST/STM32_USB_Device_Library/Core/Src/usbd_ctlreq.o
 .text.USBD_CtlSendData
                0x000000000800685e       0x36 ./Middlewares/ST/STM32_USB_Device_Library/Core/Src/usbd_ioreq.o
                0x000000000800685e                USBD_CtlSendData
 .text.USBD_CtlContinueSendData
                0x0000000008006894       0x22 ./Middlewares/ST/STM32_USB_Device_Library/Core/Src/usbd_ioreq.o
                0x0000000008006894                USBD_CtlContinueSendData
 .text.USBD_CtlPrepareRx
                0x00000000080068b6       0x3a ./Middlewares/ST/STM32_USB_Device_Library/Core/Src/usbd_ioreq.o
                0x00000000080068b6                USBD_CtlPrepareRx
 .text.USBD_CtlContinueRx
                0x00000000080068f0       0x22 ./Middlewares/ST/STM32_USB_Device_Library/Core/Src/usbd_ioreq.o
                0x00000000080068f0                USBD_CtlContinueRx
 .text.USBD_CtlSendStatus
                0x0000000008006912       0x26 ./Middlewares/ST/STM32_USB_Device_Library/Core/Src/usbd_ioreq.o
                0x0000000008006912                USBD_CtlSendStatus
 .text.USBD_CtlReceiveStatus
                0x0000000008006938       0x26 ./Middlewares/ST/STM32_USB_Device_Library/Core/Src/usbd_ioreq.o
                0x0000000008006938                USBD_CtlReceiveStatus
 *fill*         0x000000000800695e        0x2 
 .text.MX_USB_DEVICE_Init
                0x0000000008006960       0x60 ./USB_DEVICE/App/usb_device.o
                0x0000000008006960                MX_USB_DEVICE_Init
 .text.CDC_Init_FS
                0x00000000080069c0       0x28 ./USB_DEVICE/App/usbd_cdc_if.o
 .text.CDC_DeInit_FS
                0x00000000080069e8       0x10 ./USB_DEVICE/App/usbd_cdc_if.o
 .text.CDC_Control_FS
                0x00000000080069f8       0xbc ./USB_DEVICE/App/usbd_cdc_if.o
 .text.CDC_Receive_FS
                0x0000000008006ab4       0x48 ./USB_DEVICE/App/usbd_cdc_if.o
 .text.CDC_Transmit_FS
                0x0000000008006afc       0x4c ./USB_DEVICE/App/usbd_cdc_if.o
                0x0000000008006afc                CDC_Transmit_FS
 .text.CDC_TransmitCplt_FS
                0x0000000008006b48       0x22 ./USB_DEVICE/App/usbd_cdc_if.o
 *fill*         0x0000000008006b6a        0x2 
 .text.USBD_FS_DeviceDescriptor
                0x0000000008006b6c       0x24 ./USB_DEVICE/App/usbd_desc.o
                0x0000000008006b6c                USBD_FS_DeviceDescriptor
 .text.USBD_FS_LangIDStrDescriptor
                0x0000000008006b90       0x24 ./USB_DEVICE/App/usbd_desc.o
                0x0000000008006b90                USBD_FS_LangIDStrDescriptor
 .text.USBD_FS_ProductStrDescriptor
                0x0000000008006bb4       0x3c ./USB_DEVICE/App/usbd_desc.o
                0x0000000008006bb4                USBD_FS_ProductStrDescriptor
 .text.USBD_FS_ManufacturerStrDescriptor
                0x0000000008006bf0       0x28 ./USB_DEVICE/App/usbd_desc.o
                0x0000000008006bf0                USBD_FS_ManufacturerStrDescriptor
 .text.USBD_FS_SerialStrDescriptor
                0x0000000008006c18       0x24 ./USB_DEVICE/App/usbd_desc.o
                0x0000000008006c18                USBD_FS_SerialStrDescriptor
 .text.USBD_FS_ConfigStrDescriptor
                0x0000000008006c3c       0x3c ./USB_DEVICE/App/usbd_desc.o
                0x0000000008006c3c                USBD_FS_ConfigStrDescriptor
 .text.USBD_FS_InterfaceStrDescriptor
                0x0000000008006c78       0x3c ./USB_DEVICE/App/usbd_desc.o
                0x0000000008006c78                USBD_FS_InterfaceStrDescriptor
 .text.USBD_FS_USR_BOSDescriptor
                0x0000000008006cb4       0x24 ./USB_DEVICE/App/usbd_desc.o
                0x0000000008006cb4                USBD_FS_USR_BOSDescriptor
 .text.Get_SerialNum
                0x0000000008006cd8       0x58 ./USB_DEVICE/App/usbd_desc.o
 .text.IntToUnicode
                0x0000000008006d30       0x7e ./USB_DEVICE/App/usbd_desc.o
 *fill*         0x0000000008006dae        0x2 
 .text.HAL_PCD_MspInit
                0x0000000008006db0      0x124 ./USB_DEVICE/Target/usbd_conf.o
                0x0000000008006db0                HAL_PCD_MspInit
 .text.HAL_PCD_SetupStageCallback
                0x0000000008006ed4       0x24 ./USB_DEVICE/Target/usbd_conf.o
                0x0000000008006ed4                HAL_PCD_SetupStageCallback
 .text.HAL_PCD_DataOutStageCallback
                0x0000000008006ef8       0x36 ./USB_DEVICE/Target/usbd_conf.o
                0x0000000008006ef8                HAL_PCD_DataOutStageCallback
 .text.HAL_PCD_DataInStageCallback
                0x0000000008006f2e       0x34 ./USB_DEVICE/Target/usbd_conf.o
                0x0000000008006f2e                HAL_PCD_DataInStageCallback
 .text.HAL_PCD_SOFCallback
                0x0000000008006f62       0x1c ./USB_DEVICE/Target/usbd_conf.o
                0x0000000008006f62                HAL_PCD_SOFCallback
 .text.HAL_PCD_ResetCallback
                0x0000000008006f7e       0x3c ./USB_DEVICE/Target/usbd_conf.o
                0x0000000008006f7e                HAL_PCD_ResetCallback
 *fill*         0x0000000008006fba        0x2 
 .text.HAL_PCD_SuspendCallback
                0x0000000008006fbc       0x4c ./USB_DEVICE/Target/usbd_conf.o
                0x0000000008006fbc                HAL_PCD_SuspendCallback
 .text.HAL_PCD_ResumeCallback
                0x0000000008007008       0x50 ./USB_DEVICE/Target/usbd_conf.o
                0x0000000008007008                HAL_PCD_ResumeCallback
 .text.HAL_PCD_ISOOUTIncompleteCallback
                0x0000000008007058       0x24 ./USB_DEVICE/Target/usbd_conf.o
                0x0000000008007058                HAL_PCD_ISOOUTIncompleteCallback
 .text.HAL_PCD_ISOINIncompleteCallback
                0x000000000800707c       0x24 ./USB_DEVICE/Target/usbd_conf.o
                0x000000000800707c                HAL_PCD_ISOINIncompleteCallback
 .text.HAL_PCD_ConnectCallback
                0x00000000080070a0       0x1c ./USB_DEVICE/Target/usbd_conf.o
                0x00000000080070a0                HAL_PCD_ConnectCallback
 .text.HAL_PCD_DisconnectCallback
                0x00000000080070bc       0x1c ./USB_DEVICE/Target/usbd_conf.o
                0x00000000080070bc                HAL_PCD_DisconnectCallback
 .text.USBD_LL_Init
                0x00000000080070d8       0x98 ./USB_DEVICE/Target/usbd_conf.o
                0x00000000080070d8                USBD_LL_Init
 .text.USBD_LL_Start
                0x0000000008007170       0x64 ./USB_DEVICE/Target/usbd_conf.o
                0x0000000008007170                USBD_LL_Start
 .text.USBD_LL_OpenEP
                0x00000000080071d4       0x7c ./USB_DEVICE/Target/usbd_conf.o
                0x00000000080071d4                USBD_LL_OpenEP
 .text.USBD_LL_CloseEP
                0x0000000008007250       0x6c ./USB_DEVICE/Target/usbd_conf.o
                0x0000000008007250                USBD_LL_CloseEP
 .text.USBD_LL_StallEP
                0x00000000080072bc       0x6c ./USB_DEVICE/Target/usbd_conf.o
                0x00000000080072bc                USBD_LL_StallEP
 .text.USBD_LL_ClearStallEP
                0x0000000008007328       0x6c ./USB_DEVICE/Target/usbd_conf.o
                0x0000000008007328                USBD_LL_ClearStallEP
 .text.USBD_LL_IsStallEP
                0x0000000008007394       0x58 ./USB_DEVICE/Target/usbd_conf.o
                0x0000000008007394                USBD_LL_IsStallEP
 .text.USBD_LL_SetUSBAddress
                0x00000000080073ec       0x6c ./USB_DEVICE/Target/usbd_conf.o
                0x00000000080073ec                USBD_LL_SetUSBAddress
 .text.USBD_LL_Transmit
                0x0000000008007458       0x70 ./USB_DEVICE/Target/usbd_conf.o
                0x0000000008007458                USBD_LL_Transmit
 .text.USBD_LL_PrepareReceive
                0x00000000080074c8       0x70 ./USB_DEVICE/Target/usbd_conf.o
                0x00000000080074c8                USBD_LL_PrepareReceive
 .text.USBD_LL_GetRxDataSize
                0x0000000008007538       0x26 ./USB_DEVICE/Target/usbd_conf.o
                0x0000000008007538                USBD_LL_GetRxDataSize
 *fill*         0x000000000800755e        0x2 
 .text.HAL_PCDEx_LPM_Callback
                0x0000000008007560       0x9c ./USB_DEVICE/Target/usbd_conf.o
                0x0000000008007560                HAL_PCDEx_LPM_Callback
 .text.USBD_static_malloc
                0x00000000080075fc       0x1c ./USB_DEVICE/Target/usbd_conf.o
                0x00000000080075fc                USBD_static_malloc
 .text.USBD_static_free
                0x0000000008007618       0x14 ./USB_DEVICE/Target/usbd_conf.o
                0x0000000008007618                USBD_static_free
 .text.SystemClockConfig_Resume
                0x000000000800762c        0xc ./USB_DEVICE/Target/usbd_conf.o
 .text.__libc_init_array
                0x0000000008007638       0x48 c:/st/stm32cubeide_1.8.0/stm32cubeide/plugins/com.st.stm32cube.ide.mcu.externaltools.gnu-tools-for-stm32.9-2020-q2-update.win32_2.0.0.202105311346/tools/bin/../lib/gcc/arm-none-eabi/9.3.1/../../../../arm-none-eabi/lib/thumb/v7e-m+fp/hard\libc_nano.a(lib_a-init.o)
                0x0000000008007638                __libc_init_array
 .text.memcpy   0x0000000008007680       0x1c c:/st/stm32cubeide_1.8.0/stm32cubeide/plugins/com.st.stm32cube.ide.mcu.externaltools.gnu-tools-for-stm32.9-2020-q2-update.win32_2.0.0.202105311346/tools/bin/../lib/gcc/arm-none-eabi/9.3.1/../../../../arm-none-eabi/lib/thumb/v7e-m+fp/hard\libc_nano.a(lib_a-memcpy-stub.o)
                0x0000000008007680                memcpy
 .text.memset   0x000000000800769c       0x10 c:/st/stm32cubeide_1.8.0/stm32cubeide/plugins/com.st.stm32cube.ide.mcu.externaltools.gnu-tools-for-stm32.9-2020-q2-update.win32_2.0.0.202105311346/tools/bin/../lib/gcc/arm-none-eabi/9.3.1/../../../../arm-none-eabi/lib/thumb/v7e-m+fp/hard\libc_nano.a(lib_a-memset.o)
                0x000000000800769c                memset
 *(.glue_7)
 .glue_7        0x00000000080076ac        0x0 linker stubs
 *(.glue_7t)
 .glue_7t       0x00000000080076ac        0x0 linker stubs
 *(.eh_frame)
 .eh_frame      0x00000000080076ac        0x0 c:/st/stm32cubeide_1.8.0/stm32cubeide/plugins/com.st.stm32cube.ide.mcu.externaltools.gnu-tools-for-stm32.9-2020-q2-update.win32_2.0.0.202105311346/tools/bin/../lib/gcc/arm-none-eabi/9.3.1/thumb/v7e-m+fp/hard/crtbegin.o
 *(.init)
 .init          0x00000000080076ac        0x4 c:/st/stm32cubeide_1.8.0/stm32cubeide/plugins/com.st.stm32cube.ide.mcu.externaltools.gnu-tools-for-stm32.9-2020-q2-update.win32_2.0.0.202105311346/tools/bin/../lib/gcc/arm-none-eabi/9.3.1/thumb/v7e-m+fp/hard/crti.o
                0x00000000080076ac                _init
 .init          0x00000000080076b0        0x8 c:/st/stm32cubeide_1.8.0/stm32cubeide/plugins/com.st.stm32cube.ide.mcu.externaltools.gnu-tools-for-stm32.9-2020-q2-update.win32_2.0.0.202105311346/tools/bin/../lib/gcc/arm-none-eabi/9.3.1/thumb/v7e-m+fp/hard/crtn.o
 *(.fini)
 .fini          0x00000000080076b8        0x4 c:/st/stm32cubeide_1.8.0/stm32cubeide/plugins/com.st.stm32cube.ide.mcu.externaltools.gnu-tools-for-stm32.9-2020-q2-update.win32_2.0.0.202105311346/tools/bin/../lib/gcc/arm-none-eabi/9.3.1/thumb/v7e-m+fp/hard/crti.o
                0x00000000080076b8                _fini
 .fini          0x00000000080076bc        0x8 c:/st/stm32cubeide_1.8.0/stm32cubeide/plugins/com.st.stm32cube.ide.mcu.externaltools.gnu-tools-for-stm32.9-2020-q2-update.win32_2.0.0.202105311346/tools/bin/../lib/gcc/arm-none-eabi/9.3.1/thumb/v7e-m+fp/hard/crtn.o
                0x00000000080076c4                . = ALIGN (0x4)
                0x00000000080076c4                _etext = .

.vfp11_veneer   0x00000000080076c4        0x0
 .vfp11_veneer  0x00000000080076c4        0x0 linker stubs

.v4_bx          0x00000000080076c4        0x0
 .v4_bx         0x00000000080076c4        0x0 linker stubs

.iplt           0x00000000080076c4        0x0
 .iplt          0x00000000080076c4        0x0 c:/st/stm32cubeide_1.8.0/stm32cubeide/plugins/com.st.stm32cube.ide.mcu.externaltools.gnu-tools-for-stm32.9-2020-q2-update.win32_2.0.0.202105311346/tools/bin/../lib/gcc/arm-none-eabi/9.3.1/thumb/v7e-m+fp/hard/crtbegin.o

.rodata         0x00000000080076c4      0x1a8
                0x00000000080076c4                . = ALIGN (0x4)
 *(.rodata)
 .rodata        0x00000000080076c4      0x11f ./Core/Src/main.o
 *fill*         0x00000000080077e3        0x1 
 .rodata        0x00000000080077e4       0x46 ./USB_DEVICE/App/usbd_desc.o
 *(.rodata*)
 *fill*         0x000000000800782a        0x2 
 .rodata.AHBPrescTable
                0x000000000800782c       0x10 ./Core/Src/system_stm32l4xx.o
                0x000000000800782c                AHBPrescTable
 .rodata.MSIRangeTable
                0x000000000800783c       0x30 ./Core/Src/system_stm32l4xx.o
                0x000000000800783c                MSIRangeTable
                0x000000000800786c                . = ALIGN (0x4)

.rel.dyn        0x000000000800786c        0x0
 .rel.iplt      0x000000000800786c        0x0 c:/st/stm32cubeide_1.8.0/stm32cubeide/plugins/com.st.stm32cube.ide.mcu.externaltools.gnu-tools-for-stm32.9-2020-q2-update.win32_2.0.0.202105311346/tools/bin/../lib/gcc/arm-none-eabi/9.3.1/thumb/v7e-m+fp/hard/crtbegin.o

.ARM.extab      0x000000000800786c        0x0
                0x000000000800786c                . = ALIGN (0x4)
 *(.ARM.extab* .gnu.linkonce.armextab.*)
                0x000000000800786c                . = ALIGN (0x4)

.ARM            0x000000000800786c        0x0
                0x000000000800786c                . = ALIGN (0x4)
                0x000000000800786c                __exidx_start = .
 *(.ARM.exidx*)
                0x000000000800786c                __exidx_end = .
                0x000000000800786c                . = ALIGN (0x4)

.preinit_array  0x000000000800786c        0x0
                0x000000000800786c                . = ALIGN (0x4)
                0x000000000800786c                PROVIDE (__preinit_array_start = .)
 *(.preinit_array*)
                0x000000000800786c                PROVIDE (__preinit_array_end = .)
                0x000000000800786c                . = ALIGN (0x4)

.init_array     0x000000000800786c        0x4
                0x000000000800786c                . = ALIGN (0x4)
                0x000000000800786c                PROVIDE (__init_array_start = .)
 *(SORT_BY_NAME(.init_array.*))
 *(.init_array*)
 .init_array    0x000000000800786c        0x4 c:/st/stm32cubeide_1.8.0/stm32cubeide/plugins/com.st.stm32cube.ide.mcu.externaltools.gnu-tools-for-stm32.9-2020-q2-update.win32_2.0.0.202105311346/tools/bin/../lib/gcc/arm-none-eabi/9.3.1/thumb/v7e-m+fp/hard/crtbegin.o
                0x0000000008007870                PROVIDE (__init_array_end = .)
                0x0000000008007870                . = ALIGN (0x4)

.fini_array     0x0000000008007870        0x4
                0x0000000008007870                . = ALIGN (0x4)
                [!provide]                        PROVIDE (__fini_array_start = .)
 *(SORT_BY_NAME(.fini_array.*))
 *(.fini_array*)
 .fini_array    0x0000000008007870        0x4 c:/st/stm32cubeide_1.8.0/stm32cubeide/plugins/com.st.stm32cube.ide.mcu.externaltools.gnu-tools-for-stm32.9-2020-q2-update.win32_2.0.0.202105311346/tools/bin/../lib/gcc/arm-none-eabi/9.3.1/thumb/v7e-m+fp/hard/crtbegin.o
                [!provide]                        PROVIDE (__fini_array_end = .)
                0x0000000008007874                . = ALIGN (0x4)
                0x0000000008007874                _sidata = LOADADDR (.data)

.data           0x0000000020000000      0x1b4 load address 0x0000000008007874
                0x0000000020000000                . = ALIGN (0x4)
                0x0000000020000000                _sdata = .
 *(.data)
 *(.data*)
 .data.datenpaket
                0x0000000020000000       0x24 ./Core/Src/main.o
                0x0000000020000000                datenpaket
 .data.SystemCoreClock
                0x0000000020000024        0x4 ./Core/Src/system_stm32l4xx.o
                0x0000000020000024                SystemCoreClock
 .data.uwTickPrio
                0x0000000020000028        0x4 ./Drivers/STM32L4xx_HAL_Driver/Src/stm32l4xx_hal.o
                0x0000000020000028                uwTickPrio
 .data.uwTickFreq
                0x000000002000002c        0x1 ./Drivers/STM32L4xx_HAL_Driver/Src/stm32l4xx_hal.o
                0x000000002000002c                uwTickFreq
 *fill*         0x000000002000002d        0x3 
 .data.USBD_CDC_DeviceQualifierDesc
                0x0000000020000030        0xa ./Middlewares/ST/STM32_USB_Device_Library/Class/CDC/Src/usbd_cdc.o
 *fill*         0x000000002000003a        0x2 
 .data.USBD_CDC
                0x000000002000003c       0x38 ./Middlewares/ST/STM32_USB_Device_Library/Class/CDC/Src/usbd_cdc.o
                0x000000002000003c                USBD_CDC
 .data.USBD_CDC_CfgHSDesc
                0x0000000020000074       0x43 ./Middlewares/ST/STM32_USB_Device_Library/Class/CDC/Src/usbd_cdc.o
 *fill*         0x00000000200000b7        0x1 
 .data.USBD_CDC_CfgFSDesc
                0x00000000200000b8       0x43 ./Middlewares/ST/STM32_USB_Device_Library/Class/CDC/Src/usbd_cdc.o
 *fill*         0x00000000200000fb        0x1 
 .data.USBD_CDC_OtherSpeedCfgDesc
                0x00000000200000fc       0x43 ./Middlewares/ST/STM32_USB_Device_Library/Class/CDC/Src/usbd_cdc.o
 *fill*         0x000000002000013f        0x1 
 .data.USBD_Interface_fops_FS
                0x0000000020000140       0x14 ./USB_DEVICE/App/usbd_cdc_if.o
                0x0000000020000140                USBD_Interface_fops_FS
 .data.FS_Desc  0x0000000020000154       0x20 ./USB_DEVICE/App/usbd_desc.o
                0x0000000020000154                FS_Desc
 .data.USBD_FS_DeviceDesc
                0x0000000020000174       0x12 ./USB_DEVICE/App/usbd_desc.o
                0x0000000020000174                USBD_FS_DeviceDesc
 *fill*         0x0000000020000186        0x2 
 .data.USBD_FS_BOSDesc
                0x0000000020000188        0xc ./USB_DEVICE/App/usbd_desc.o
                0x0000000020000188                USBD_FS_BOSDesc
 .data.USBD_LangIDDesc
                0x0000000020000194        0x4 ./USB_DEVICE/App/usbd_desc.o
                0x0000000020000194                USBD_LangIDDesc
 .data.USBD_StringSerial
                0x0000000020000198       0x1a ./USB_DEVICE/App/usbd_desc.o
                0x0000000020000198                USBD_StringSerial
 *(.RamFunc)
 *(.RamFunc*)
                0x00000000200001b4                . = ALIGN (0x4)
 *fill*         0x00000000200001b2        0x2 
                0x00000000200001b4                _edata = .

.igot.plt       0x00000000200001b4        0x0 load address 0x0000000008007a28
 .igot.plt      0x00000000200001b4        0x0 c:/st/stm32cubeide_1.8.0/stm32cubeide/plugins/com.st.stm32cube.ide.mcu.externaltools.gnu-tools-for-stm32.9-2020-q2-update.win32_2.0.0.202105311346/tools/bin/../lib/gcc/arm-none-eabi/9.3.1/thumb/v7e-m+fp/hard/crtbegin.o
                0x00000000200001b4                . = ALIGN (0x4)

.bss            0x00000000200001b4     0x1ba4 load address 0x0000000008007a28
                0x00000000200001b4                _sbss = .
                0x00000000200001b4                __bss_start__ = _sbss
 *(.bss)
 .bss           0x00000000200001b4       0x1c c:/st/stm32cubeide_1.8.0/stm32cubeide/plugins/com.st.stm32cube.ide.mcu.externaltools.gnu-tools-for-stm32.9-2020-q2-update.win32_2.0.0.202105311346/tools/bin/../lib/gcc/arm-none-eabi/9.3.1/thumb/v7e-m+fp/hard/crtbegin.o
 *(.bss*)
 .bss.fifo_buffer
                0x00000000200001d0       0x43 ./Core/Src/main.o
                0x00000000200001d0                fifo_buffer
 *fill*         0x0000000020000213        0x1 
 .bss.time.10581
                0x0000000020000214        0x4 ./Core/Src/main.o
 .bss.cfgidx.10604
                0x0000000020000218        0x1 ./Middlewares/ST/STM32_USB_Device_Library/Core/Src/usbd_ctlreq.o
 *fill*         0x0000000020000219        0x3 
 .bss.mem.10753
                0x000000002000021c      0x220 ./USB_DEVICE/Target/usbd_conf.o
 *(COMMON)
 COMMON         0x000000002000043c       0x40 ./Core/Src/main.o
                0x000000002000043c                bufferdata
 COMMON         0x000000002000047c        0x4 ./Drivers/STM32L4xx_HAL_Driver/Src/stm32l4xx_hal.o
                0x000000002000047c                uwTick
 COMMON         0x0000000020000480      0x2d0 ./USB_DEVICE/App/usb_device.o
                0x0000000020000480                hUsbDeviceFS
 COMMON         0x0000000020000750     0x1000 ./USB_DEVICE/App/usbd_cdc_if.o
                0x0000000020000750                UserRxBufferFS
                0x0000000020000f50                UserTxBufferFS
 COMMON         0x0000000020001750      0x200 ./USB_DEVICE/App/usbd_desc.o
                0x0000000020001750                USBD_StrDesc
 COMMON         0x0000000020001950      0x408 ./USB_DEVICE/Target/usbd_conf.o
                0x0000000020001950                hpcd_USB_OTG_FS
                0x0000000020001d58                . = ALIGN (0x4)
                0x0000000020001d58                _ebss = .
                0x0000000020001d58                __bss_end__ = _ebss

._user_heap_stack
                0x0000000020001d58      0x600 load address 0x0000000008007a28
                0x0000000020001d58                . = ALIGN (0x8)
                [!provide]                        PROVIDE (end = .)
                0x0000000020001d58                PROVIDE (_end = .)
                0x0000000020001f58                . = (. + _Min_Heap_Size)
 *fill*         0x0000000020001d58      0x200 
                0x0000000020002358                . = (. + _Min_Stack_Size)
 *fill*         0x0000000020001f58      0x400 
                0x0000000020002358                . = ALIGN (0x8)

/DISCARD/
 libc.a(*)
 libm.a(*)
 libgcc.a(*)

.ARM.attributes
                0x0000000000000000       0x30
 *(.ARM.attributes)
 .ARM.attributes
                0x0000000000000000       0x1e c:/st/stm32cubeide_1.8.0/stm32cubeide/plugins/com.st.stm32cube.ide.mcu.externaltools.gnu-tools-for-stm32.9-2020-q2-update.win32_2.0.0.202105311346/tools/bin/../lib/gcc/arm-none-eabi/9.3.1/thumb/v7e-m+fp/hard/crti.o
 .ARM.attributes
                0x000000000000001e       0x34 c:/st/stm32cubeide_1.8.0/stm32cubeide/plugins/com.st.stm32cube.ide.mcu.externaltools.gnu-tools-for-stm32.9-2020-q2-update.win32_2.0.0.202105311346/tools/bin/../lib/gcc/arm-none-eabi/9.3.1/thumb/v7e-m+fp/hard/crtbegin.o
 .ARM.attributes
                0x0000000000000052       0x34 ./Core/Src/gpio.o
 .ARM.attributes
                0x0000000000000086       0x34 ./Core/Src/main.o
 .ARM.attributes
                0x00000000000000ba       0x34 ./Core/Src/stm32l4xx_hal_msp.o
 .ARM.attributes
                0x00000000000000ee       0x34 ./Core/Src/stm32l4xx_it.o
 .ARM.attributes
                0x0000000000000122       0x34 ./Core/Src/system_stm32l4xx.o
 .ARM.attributes
                0x0000000000000156       0x21 ./Core/Startup/startup_stm32l496zgtx.o
 .ARM.attributes
                0x0000000000000177       0x34 ./Drivers/STM32L4xx_HAL_Driver/Src/stm32l4xx_hal.o
 .ARM.attributes
                0x00000000000001ab       0x34 ./Drivers/STM32L4xx_HAL_Driver/Src/stm32l4xx_hal_cortex.o
 .ARM.attributes
                0x00000000000001df       0x34 ./Drivers/STM32L4xx_HAL_Driver/Src/stm32l4xx_hal_gpio.o
 .ARM.attributes
                0x0000000000000213       0x34 ./Drivers/STM32L4xx_HAL_Driver/Src/stm32l4xx_hal_pcd.o
 .ARM.attributes
                0x0000000000000247       0x34 ./Drivers/STM32L4xx_HAL_Driver/Src/stm32l4xx_hal_pcd_ex.o
 .ARM.attributes
                0x000000000000027b       0x34 ./Drivers/STM32L4xx_HAL_Driver/Src/stm32l4xx_hal_pwr_ex.o
 .ARM.attributes
                0x00000000000002af       0x34 ./Drivers/STM32L4xx_HAL_Driver/Src/stm32l4xx_hal_rcc.o
 .ARM.attributes
                0x00000000000002e3       0x34 ./Drivers/STM32L4xx_HAL_Driver/Src/stm32l4xx_hal_rcc_ex.o
 .ARM.attributes
                0x0000000000000317       0x34 ./Drivers/STM32L4xx_HAL_Driver/Src/stm32l4xx_ll_usb.o
 .ARM.attributes
                0x000000000000034b       0x34 ./Middlewares/ST/STM32_USB_Device_Library/Class/CDC/Src/usbd_cdc.o
 .ARM.attributes
                0x000000000000037f       0x34 ./Middlewares/ST/STM32_USB_Device_Library/Core/Src/usbd_core.o
 .ARM.attributes
                0x00000000000003b3       0x34 ./Middlewares/ST/STM32_USB_Device_Library/Core/Src/usbd_ctlreq.o
 .ARM.attributes
                0x00000000000003e7       0x34 ./Middlewares/ST/STM32_USB_Device_Library/Core/Src/usbd_ioreq.o
 .ARM.attributes
                0x000000000000041b       0x34 ./USB_DEVICE/App/usb_device.o
 .ARM.attributes
                0x000000000000044f       0x34 ./USB_DEVICE/App/usbd_cdc_if.o
 .ARM.attributes
                0x0000000000000483       0x34 ./USB_DEVICE/App/usbd_desc.o
 .ARM.attributes
                0x00000000000004b7       0x34 ./USB_DEVICE/Target/usbd_conf.o
 .ARM.attributes
                0x00000000000004eb       0x34 c:/st/stm32cubeide_1.8.0/stm32cubeide/plugins/com.st.stm32cube.ide.mcu.externaltools.gnu-tools-for-stm32.9-2020-q2-update.win32_2.0.0.202105311346/tools/bin/../lib/gcc/arm-none-eabi/9.3.1/../../../../arm-none-eabi/lib/thumb/v7e-m+fp/hard\libc_nano.a(lib_a-init.o)
 .ARM.attributes
                0x000000000000051f       0x34 c:/st/stm32cubeide_1.8.0/stm32cubeide/plugins/com.st.stm32cube.ide.mcu.externaltools.gnu-tools-for-stm32.9-2020-q2-update.win32_2.0.0.202105311346/tools/bin/../lib/gcc/arm-none-eabi/9.3.1/../../../../arm-none-eabi/lib/thumb/v7e-m+fp/hard\libc_nano.a(lib_a-memcpy-stub.o)
 .ARM.attributes
                0x0000000000000553       0x34 c:/st/stm32cubeide_1.8.0/stm32cubeide/plugins/com.st.stm32cube.ide.mcu.externaltools.gnu-tools-for-stm32.9-2020-q2-update.win32_2.0.0.202105311346/tools/bin/../lib/gcc/arm-none-eabi/9.3.1/../../../../arm-none-eabi/lib/thumb/v7e-m+fp/hard\libc_nano.a(lib_a-memset.o)
 .ARM.attributes
                0x0000000000000587       0x1c c:/st/stm32cubeide_1.8.0/stm32cubeide/plugins/com.st.stm32cube.ide.mcu.externaltools.gnu-tools-for-stm32.9-2020-q2-update.win32_2.0.0.202105311346/tools/bin/../lib/gcc/arm-none-eabi/9.3.1/../../../../arm-none-eabi/lib/thumb/v7e-m+fp/hard\libc_nano.a(lib_a-strcmp.o)
 .ARM.attributes
                0x00000000000005a3       0x17 c:/st/stm32cubeide_1.8.0/stm32cubeide/plugins/com.st.stm32cube.ide.mcu.externaltools.gnu-tools-for-stm32.9-2020-q2-update.win32_2.0.0.202105311346/tools/bin/../lib/gcc/arm-none-eabi/9.3.1/../../../../arm-none-eabi/lib/thumb/v7e-m+fp/hard\libc_nano.a(lib_a-strlen.o)
 .ARM.attributes
                0x00000000000005ba       0x1e c:/st/stm32cubeide_1.8.0/stm32cubeide/plugins/com.st.stm32cube.ide.mcu.externaltools.gnu-tools-for-stm32.9-2020-q2-update.win32_2.0.0.202105311346/tools/bin/../lib/gcc/arm-none-eabi/9.3.1/thumb/v7e-m+fp/hard/crtn.o
OUTPUT(496zg_USB_VCP.elf elf32-littlearm)
LOAD linker stubs
LOAD c:/st/stm32cubeide_1.8.0/stm32cubeide/plugins/com.st.stm32cube.ide.mcu.externaltools.gnu-tools-for-stm32.9-2020-q2-update.win32_2.0.0.202105311346/tools/bin/../lib/gcc/arm-none-eabi/9.3.1/../../../../arm-none-eabi/lib/thumb/v7e-m+fp/hard\libc.a
LOAD c:/st/stm32cubeide_1.8.0/stm32cubeide/plugins/com.st.stm32cube.ide.mcu.externaltools.gnu-tools-for-stm32.9-2020-q2-update.win32_2.0.0.202105311346/tools/bin/../lib/gcc/arm-none-eabi/9.3.1/../../../../arm-none-eabi/lib/thumb/v7e-m+fp/hard\libm.a
LOAD c:/st/stm32cubeide_1.8.0/stm32cubeide/plugins/com.st.stm32cube.ide.mcu.externaltools.gnu-tools-for-stm32.9-2020-q2-update.win32_2.0.0.202105311346/tools/bin/../lib/gcc/arm-none-eabi/9.3.1/thumb/v7e-m+fp/hard\libgcc.a

.debug_info     0x0000000000000000    0x178e5
 .debug_info    0x0000000000000000      0x6d0 ./Core/Src/gpio.o
 .debug_info    0x00000000000006d0     0x17f1 ./Core/Src/main.o
 .debug_info    0x0000000000001ec1      0x561 ./Core/Src/stm32l4xx_hal_msp.o
 .debug_info    0x0000000000002422      0x883 ./Core/Src/stm32l4xx_it.o
 .debug_info    0x0000000000002ca5      0x78e ./Core/Src/system_stm32l4xx.o
 .debug_info    0x0000000000003433       0x22 ./Core/Startup/startup_stm32l496zgtx.o
 .debug_info    0x0000000000003455      0xd19 ./Drivers/STM32L4xx_HAL_Driver/Src/stm32l4xx_hal.o
 .debug_info    0x000000000000416e     0x1064 ./Drivers/STM32L4xx_HAL_Driver/Src/stm32l4xx_hal_cortex.o
 .debug_info    0x00000000000051d2      0xa7a ./Drivers/STM32L4xx_HAL_Driver/Src/stm32l4xx_hal_gpio.o
 .debug_info    0x0000000000005c4c     0x143f ./Drivers/STM32L4xx_HAL_Driver/Src/stm32l4xx_hal_pcd.o
 .debug_info    0x000000000000708b      0xa9d ./Drivers/STM32L4xx_HAL_Driver/Src/stm32l4xx_hal_pcd_ex.o
 .debug_info    0x0000000000007b28      0xbf6 ./Drivers/STM32L4xx_HAL_Driver/Src/stm32l4xx_hal_pwr_ex.o
 .debug_info    0x000000000000871e      0xe61 ./Drivers/STM32L4xx_HAL_Driver/Src/stm32l4xx_hal_rcc.o
 .debug_info    0x000000000000957f     0x12f5 ./Drivers/STM32L4xx_HAL_Driver/Src/stm32l4xx_hal_rcc_ex.o
 .debug_info    0x000000000000a874     0x1cbe ./Drivers/STM32L4xx_HAL_Driver/Src/stm32l4xx_ll_usb.o
 .debug_info    0x000000000000c532     0x1b41 ./Middlewares/ST/STM32_USB_Device_Library/Class/CDC/Src/usbd_cdc.o
 .debug_info    0x000000000000e073     0x1506 ./Middlewares/ST/STM32_USB_Device_Library/Core/Src/usbd_core.o
 .debug_info    0x000000000000f579     0x14d2 ./Middlewares/ST/STM32_USB_Device_Library/Core/Src/usbd_ctlreq.o
 .debug_info    0x0000000000010a4b     0x11f4 ./Middlewares/ST/STM32_USB_Device_Library/Core/Src/usbd_ioreq.o
 .debug_info    0x0000000000011c3f     0x115d ./USB_DEVICE/App/usb_device.o
 .debug_info    0x0000000000012d9c     0x13bb ./USB_DEVICE/App/usbd_cdc_if.o
 .debug_info    0x0000000000014157      0xfb8 ./USB_DEVICE/App/usbd_desc.o
 .debug_info    0x000000000001510f     0x27d6 ./USB_DEVICE/Target/usbd_conf.o

.debug_abbrev   0x0000000000000000     0x34d4
 .debug_abbrev  0x0000000000000000      0x14e ./Core/Src/gpio.o
 .debug_abbrev  0x000000000000014e      0x3dc ./Core/Src/main.o
 .debug_abbrev  0x000000000000052a      0x13d ./Core/Src/stm32l4xx_hal_msp.o
 .debug_abbrev  0x0000000000000667      0x184 ./Core/Src/stm32l4xx_it.o
 .debug_abbrev  0x00000000000007eb      0x165 ./Core/Src/system_stm32l4xx.o
 .debug_abbrev  0x0000000000000950       0x12 ./Core/Startup/startup_stm32l496zgtx.o
 .debug_abbrev  0x0000000000000962      0x227 ./Drivers/STM32L4xx_HAL_Driver/Src/stm32l4xx_hal.o
 .debug_abbrev  0x0000000000000b89      0x33c ./Drivers/STM32L4xx_HAL_Driver/Src/stm32l4xx_hal_cortex.o
 .debug_abbrev  0x0000000000000ec5      0x1e8 ./Drivers/STM32L4xx_HAL_Driver/Src/stm32l4xx_hal_gpio.o
 .debug_abbrev  0x00000000000010ad      0x282 ./Drivers/STM32L4xx_HAL_Driver/Src/stm32l4xx_hal_pcd.o
 .debug_abbrev  0x000000000000132f      0x246 ./Drivers/STM32L4xx_HAL_Driver/Src/stm32l4xx_hal_pcd_ex.o
 .debug_abbrev  0x0000000000001575      0x1f3 ./Drivers/STM32L4xx_HAL_Driver/Src/stm32l4xx_hal_pwr_ex.o
 .debug_abbrev  0x0000000000001768      0x275 ./Drivers/STM32L4xx_HAL_Driver/Src/stm32l4xx_hal_rcc.o
 .debug_abbrev  0x00000000000019dd      0x268 ./Drivers/STM32L4xx_HAL_Driver/Src/stm32l4xx_hal_rcc_ex.o
 .debug_abbrev  0x0000000000001c45      0x2a7 ./Drivers/STM32L4xx_HAL_Driver/Src/stm32l4xx_ll_usb.o
 .debug_abbrev  0x0000000000001eec      0x2fc ./Middlewares/ST/STM32_USB_Device_Library/Class/CDC/Src/usbd_cdc.o
 .debug_abbrev  0x00000000000021e8      0x2b7 ./Middlewares/ST/STM32_USB_Device_Library/Core/Src/usbd_core.o
 .debug_abbrev  0x000000000000249f      0x2fc ./Middlewares/ST/STM32_USB_Device_Library/Core/Src/usbd_ctlreq.o
 .debug_abbrev  0x000000000000279b      0x22a ./Middlewares/ST/STM32_USB_Device_Library/Core/Src/usbd_ioreq.o
 .debug_abbrev  0x00000000000029c5      0x204 ./USB_DEVICE/App/usb_device.o
 .debug_abbrev  0x0000000000002bc9      0x31d ./USB_DEVICE/App/usbd_cdc_if.o
 .debug_abbrev  0x0000000000002ee6      0x2aa ./USB_DEVICE/App/usbd_desc.o
 .debug_abbrev  0x0000000000003190      0x344 ./USB_DEVICE/Target/usbd_conf.o

.debug_aranges  0x0000000000000000      0xe80
 .debug_aranges
                0x0000000000000000       0x20 ./Core/Src/gpio.o
 .debug_aranges
                0x0000000000000020       0xb8 ./Core/Src/main.o
 .debug_aranges
                0x00000000000000d8       0x20 ./Core/Src/stm32l4xx_hal_msp.o
 .debug_aranges
                0x00000000000000f8       0x68 ./Core/Src/stm32l4xx_it.o
 .debug_aranges
                0x0000000000000160       0x28 ./Core/Src/system_stm32l4xx.o
 .debug_aranges
                0x0000000000000188       0x28 ./Core/Startup/startup_stm32l496zgtx.o
 .debug_aranges
                0x00000000000001b0      0x130 ./Drivers/STM32L4xx_HAL_Driver/Src/stm32l4xx_hal.o
 .debug_aranges
                0x00000000000002e0      0x118 ./Drivers/STM32L4xx_HAL_Driver/Src/stm32l4xx_hal_cortex.o
 .debug_aranges
                0x00000000000003f8       0x58 ./Drivers/STM32L4xx_HAL_Driver/Src/stm32l4xx_hal_gpio.o
 .debug_aranges
                0x0000000000000450      0x138 ./Drivers/STM32L4xx_HAL_Driver/Src/stm32l4xx_hal_pcd.o
 .debug_aranges
                0x0000000000000588       0x60 ./Drivers/STM32L4xx_HAL_Driver/Src/stm32l4xx_hal_pcd_ex.o
 .debug_aranges
                0x00000000000005e8      0x150 ./Drivers/STM32L4xx_HAL_Driver/Src/stm32l4xx_hal_pwr_ex.o
 .debug_aranges
                0x0000000000000738       0x90 ./Drivers/STM32L4xx_HAL_Driver/Src/stm32l4xx_hal_rcc.o
 .debug_aranges
                0x00000000000007c8      0x108 ./Drivers/STM32L4xx_HAL_Driver/Src/stm32l4xx_hal_rcc_ex.o
 .debug_aranges
                0x00000000000008d0      0x1a0 ./Drivers/STM32L4xx_HAL_Driver/Src/stm32l4xx_ll_usb.o
 .debug_aranges
                0x0000000000000a70       0x90 ./Middlewares/ST/STM32_USB_Device_Library/Class/CDC/Src/usbd_cdc.o
 .debug_aranges
                0x0000000000000b00       0xb8 ./Middlewares/ST/STM32_USB_Device_Library/Core/Src/usbd_core.o
 .debug_aranges
                0x0000000000000bb8       0x90 ./Middlewares/ST/STM32_USB_Device_Library/Core/Src/usbd_ctlreq.o
 .debug_aranges
                0x0000000000000c48       0x50 ./Middlewares/ST/STM32_USB_Device_Library/Core/Src/usbd_ioreq.o
 .debug_aranges
                0x0000000000000c98       0x20 ./USB_DEVICE/App/usb_device.o
 .debug_aranges
                0x0000000000000cb8       0x48 ./USB_DEVICE/App/usbd_cdc_if.o
 .debug_aranges
                0x0000000000000d00       0x68 ./USB_DEVICE/App/usbd_desc.o
 .debug_aranges
                0x0000000000000d68      0x118 ./USB_DEVICE/Target/usbd_conf.o

.debug_ranges   0x0000000000000000      0xd18
 .debug_ranges  0x0000000000000000       0x10 ./Core/Src/gpio.o
 .debug_ranges  0x0000000000000010       0xa8 ./Core/Src/main.o
 .debug_ranges  0x00000000000000b8       0x10 ./Core/Src/stm32l4xx_hal_msp.o
 .debug_ranges  0x00000000000000c8       0x58 ./Core/Src/stm32l4xx_it.o
 .debug_ranges  0x0000000000000120       0x18 ./Core/Src/system_stm32l4xx.o
 .debug_ranges  0x0000000000000138       0x20 ./Core/Startup/startup_stm32l496zgtx.o
 .debug_ranges  0x0000000000000158      0x120 ./Drivers/STM32L4xx_HAL_Driver/Src/stm32l4xx_hal.o
 .debug_ranges  0x0000000000000278      0x108 ./Drivers/STM32L4xx_HAL_Driver/Src/stm32l4xx_hal_cortex.o
 .debug_ranges  0x0000000000000380       0x48 ./Drivers/STM32L4xx_HAL_Driver/Src/stm32l4xx_hal_gpio.o
 .debug_ranges  0x00000000000003c8      0x128 ./Drivers/STM32L4xx_HAL_Driver/Src/stm32l4xx_hal_pcd.o
 .debug_ranges  0x00000000000004f0       0x50 ./Drivers/STM32L4xx_HAL_Driver/Src/stm32l4xx_hal_pcd_ex.o
 .debug_ranges  0x0000000000000540      0x140 ./Drivers/STM32L4xx_HAL_Driver/Src/stm32l4xx_hal_pwr_ex.o
 .debug_ranges  0x0000000000000680       0x80 ./Drivers/STM32L4xx_HAL_Driver/Src/stm32l4xx_hal_rcc.o
 .debug_ranges  0x0000000000000700       0xf8 ./Drivers/STM32L4xx_HAL_Driver/Src/stm32l4xx_hal_rcc_ex.o
 .debug_ranges  0x00000000000007f8      0x190 ./Drivers/STM32L4xx_HAL_Driver/Src/stm32l4xx_ll_usb.o
 .debug_ranges  0x0000000000000988       0x80 ./Middlewares/ST/STM32_USB_Device_Library/Class/CDC/Src/usbd_cdc.o
 .debug_ranges  0x0000000000000a08       0xa8 ./Middlewares/ST/STM32_USB_Device_Library/Core/Src/usbd_core.o
 .debug_ranges  0x0000000000000ab0       0x80 ./Middlewares/ST/STM32_USB_Device_Library/Core/Src/usbd_ctlreq.o
 .debug_ranges  0x0000000000000b30       0x40 ./Middlewares/ST/STM32_USB_Device_Library/Core/Src/usbd_ioreq.o
 .debug_ranges  0x0000000000000b70       0x10 ./USB_DEVICE/App/usb_device.o
 .debug_ranges  0x0000000000000b80       0x38 ./USB_DEVICE/App/usbd_cdc_if.o
 .debug_ranges  0x0000000000000bb8       0x58 ./USB_DEVICE/App/usbd_desc.o
 .debug_ranges  0x0000000000000c10      0x108 ./USB_DEVICE/Target/usbd_conf.o

.debug_macro    0x0000000000000000    0x2afd9
 .debug_macro   0x0000000000000000      0x1ee ./Core/Src/gpio.o
 .debug_macro   0x00000000000001ee      0xaa8 ./Core/Src/gpio.o
 .debug_macro   0x0000000000000c96      0x1a7 ./Core/Src/gpio.o
 .debug_macro   0x0000000000000e3d       0x2e ./Core/Src/gpio.o
 .debug_macro   0x0000000000000e6b       0x28 ./Core/Src/gpio.o
 .debug_macro   0x0000000000000e93       0x22 ./Core/Src/gpio.o
 .debug_macro   0x0000000000000eb5       0x8e ./Core/Src/gpio.o
 .debug_macro   0x0000000000000f43       0x51 ./Core/Src/gpio.o
 .debug_macro   0x0000000000000f94      0x103 ./Core/Src/gpio.o
 .debug_macro   0x0000000000001097       0x6a ./Core/Src/gpio.o
 .debug_macro   0x0000000000001101      0x1df ./Core/Src/gpio.o
 .debug_macro   0x00000000000012e0       0x1c ./Core/Src/gpio.o
 .debug_macro   0x00000000000012fc       0x22 ./Core/Src/gpio.o
 .debug_macro   0x000000000000131e      0x101 ./Core/Src/gpio.o
 .debug_macro   0x000000000000141f     0x1011 ./Core/Src/gpio.o
 .debug_macro   0x0000000000002430      0x11f ./Core/Src/gpio.o
 .debug_macro   0x000000000000254f    0x1c1e0 ./Core/Src/gpio.o
 .debug_macro   0x000000000001e72f       0x6d ./Core/Src/gpio.o
 .debug_macro   0x000000000001e79c     0x38e2 ./Core/Src/gpio.o
 .debug_macro   0x000000000002207e      0x174 ./Core/Src/gpio.o
 .debug_macro   0x00000000000221f2       0x5c ./Core/Src/gpio.o
 .debug_macro   0x000000000002224e     0x187d ./Core/Src/gpio.o
 .debug_macro   0x0000000000023acb      0x773 ./Core/Src/gpio.o
 .debug_macro   0x000000000002423e      0x1b9 ./Core/Src/gpio.o
 .debug_macro   0x00000000000243f7      0x202 ./Core/Src/gpio.o
 .debug_macro   0x00000000000245f9      0x26b ./Core/Src/gpio.o
 .debug_macro   0x0000000000024864      0x23d ./Core/Src/gpio.o
 .debug_macro   0x0000000000024aa1      0x241 ./Core/Src/gpio.o
 .debug_macro   0x0000000000024ce2      0x3ad ./Core/Src/gpio.o
 .debug_macro   0x000000000002508f       0xe4 ./Core/Src/gpio.o
 .debug_macro   0x0000000000025173      0x22c ./Core/Src/gpio.o
 .debug_macro   0x000000000002539f       0x61 ./Core/Src/gpio.o
 .debug_macro   0x0000000000025400       0xa5 ./Core/Src/gpio.o
 .debug_macro   0x00000000000254a5      0x1ed ./Core/Src/gpio.o
 .debug_macro   0x0000000000025692       0x97 ./Core/Src/gpio.o
 .debug_macro   0x0000000000025729      0x122 ./Core/Src/gpio.o
 .debug_macro   0x000000000002584b      0x3ef ./Core/Src/gpio.o
 .debug_macro   0x0000000000025c3a      0x433 ./Core/Src/gpio.o
 .debug_macro   0x000000000002606d       0x34 ./Core/Src/gpio.o
 .debug_macro   0x00000000000260a1      0x4a9 ./Core/Src/main.o
 .debug_macro   0x000000000002654a       0x52 ./Core/Src/main.o
 .debug_macro   0x000000000002659c       0x18 ./Core/Src/main.o
 .debug_macro   0x00000000000265b4       0x3c ./Core/Src/main.o
 .debug_macro   0x00000000000265f0       0x34 ./Core/Src/main.o
 .debug_macro   0x0000000000026624       0x16 ./Core/Src/main.o
 .debug_macro   0x000000000002663a       0x35 ./Core/Src/main.o
 .debug_macro   0x000000000002666f      0x333 ./Core/Src/main.o
 .debug_macro   0x00000000000269a2       0x10 ./Core/Src/main.o
 .debug_macro   0x00000000000269b2       0x16 ./Core/Src/main.o
 .debug_macro   0x00000000000269c8       0x43 ./Core/Src/main.o
 .debug_macro   0x0000000000026a0b       0x34 ./Core/Src/main.o
 .debug_macro   0x0000000000026a3f       0x10 ./Core/Src/main.o
 .debug_macro   0x0000000000026a4f       0x58 ./Core/Src/main.o
 .debug_macro   0x0000000000026aa7       0x71 ./Core/Src/main.o
 .debug_macro   0x0000000000026b18       0x1c ./Core/Src/main.o
 .debug_macro   0x0000000000026b34      0x12a ./Core/Src/main.o
 .debug_macro   0x0000000000026c5e       0x10 ./Core/Src/main.o
 .debug_macro   0x0000000000026c6e       0x1c ./Core/Src/main.o
 .debug_macro   0x0000000000026c8a       0x52 ./Core/Src/main.o
 .debug_macro   0x0000000000026cdc       0x22 ./Core/Src/main.o
 .debug_macro   0x0000000000026cfe       0x10 ./Core/Src/main.o
 .debug_macro   0x0000000000026d0e       0x40 ./Core/Src/main.o
 .debug_macro   0x0000000000026d4e       0xd5 ./Core/Src/main.o
 .debug_macro   0x0000000000026e23       0x1c ./Core/Src/main.o
 .debug_macro   0x0000000000026e3f       0x3d ./Core/Src/main.o
 .debug_macro   0x0000000000026e7c       0x16 ./Core/Src/main.o
 .debug_macro   0x0000000000026e92      0x145 ./Core/Src/main.o
 .debug_macro   0x0000000000026fd7       0x16 ./Core/Src/main.o
 .debug_macro   0x0000000000026fed       0x16 ./Core/Src/main.o
 .debug_macro   0x0000000000027003       0x29 ./Core/Src/main.o
 .debug_macro   0x000000000002702c       0x16 ./Core/Src/main.o
 .debug_macro   0x0000000000027042       0x20 ./Core/Src/main.o
 .debug_macro   0x0000000000027062       0x5f ./Core/Src/main.o
 .debug_macro   0x00000000000270c1      0x1ef ./Core/Src/main.o
 .debug_macro   0x00000000000272b0       0x95 ./Core/Src/main.o
 .debug_macro   0x0000000000027345       0x10 ./Core/Src/main.o
 .debug_macro   0x0000000000027355      0x1e4 ./Core/Src/stm32l4xx_hal_msp.o
 .debug_macro   0x0000000000027539      0x1ee ./Core/Src/stm32l4xx_it.o
 .debug_macro   0x0000000000027727      0x1d5 ./Core/Src/system_stm32l4xx.o
 .debug_macro   0x00000000000278fc      0x223 ./Drivers/STM32L4xx_HAL_Driver/Src/stm32l4xx_hal.o
 .debug_macro   0x0000000000027b1f      0x1d5 ./Drivers/STM32L4xx_HAL_Driver/Src/stm32l4xx_hal_cortex.o
 .debug_macro   0x0000000000027cf4      0x1dc ./Drivers/STM32L4xx_HAL_Driver/Src/stm32l4xx_hal_gpio.o
 .debug_macro   0x0000000000027ed0      0x1e1 ./Drivers/STM32L4xx_HAL_Driver/Src/stm32l4xx_hal_pcd.o
 .debug_macro   0x00000000000280b1      0x1d5 ./Drivers/STM32L4xx_HAL_Driver/Src/stm32l4xx_hal_pcd_ex.o
 .debug_macro   0x0000000000028286      0x1ff ./Drivers/STM32L4xx_HAL_Driver/Src/stm32l4xx_hal_pwr_ex.o
 .debug_macro   0x0000000000028485      0x217 ./Drivers/STM32L4xx_HAL_Driver/Src/stm32l4xx_hal_rcc.o
 .debug_macro   0x000000000002869c      0x20b ./Drivers/STM32L4xx_HAL_Driver/Src/stm32l4xx_hal_rcc_ex.o
 .debug_macro   0x00000000000288a7      0x1d5 ./Drivers/STM32L4xx_HAL_Driver/Src/stm32l4xx_ll_usb.o
 .debug_macro   0x0000000000028a7c      0x3fa ./Middlewares/ST/STM32_USB_Device_Library/Class/CDC/Src/usbd_cdc.o
 .debug_macro   0x0000000000028e76       0x97 ./Middlewares/ST/STM32_USB_Device_Library/Class/CDC/Src/usbd_cdc.o
 .debug_macro   0x0000000000028f0d       0xfd ./Middlewares/ST/STM32_USB_Device_Library/Class/CDC/Src/usbd_cdc.o
 .debug_macro   0x000000000002900a       0xfb ./Middlewares/ST/STM32_USB_Device_Library/Class/CDC/Src/usbd_cdc.o
 .debug_macro   0x0000000000029105       0x56 ./Middlewares/ST/STM32_USB_Device_Library/Class/CDC/Src/usbd_cdc.o
 .debug_macro   0x000000000002915b      0x3e1 ./Middlewares/ST/STM32_USB_Device_Library/Core/Src/usbd_core.o
 .debug_macro   0x000000000002953c      0x1f5 ./Middlewares/ST/STM32_USB_Device_Library/Core/Src/usbd_core.o
 .debug_macro   0x0000000000029731      0x3eb ./Middlewares/ST/STM32_USB_Device_Library/Core/Src/usbd_ctlreq.o
 .debug_macro   0x0000000000029b1c      0x3e7 ./Middlewares/ST/STM32_USB_Device_Library/Core/Src/usbd_ioreq.o
 .debug_macro   0x0000000000029f03      0x41a ./USB_DEVICE/App/usb_device.o
 .debug_macro   0x000000000002a31d       0x3a ./USB_DEVICE/App/usb_device.o
 .debug_macro   0x000000000002a357       0x22 ./USB_DEVICE/App/usb_device.o
 .debug_macro   0x000000000002a379       0x16 ./USB_DEVICE/App/usb_device.o
 .debug_macro   0x000000000002a38f      0x40c ./USB_DEVICE/App/usbd_cdc_if.o
 .debug_macro   0x000000000002a79b      0x424 ./USB_DEVICE/App/usbd_desc.o
 .debug_macro   0x000000000002abbf       0x1c ./USB_DEVICE/App/usbd_desc.o
 .debug_macro   0x000000000002abdb      0x3fe ./USB_DEVICE/Target/usbd_conf.o

.debug_line     0x0000000000000000    0x11cef
 .debug_line    0x0000000000000000      0x702 ./Core/Src/gpio.o
 .debug_line    0x0000000000000702      0xf8e ./Core/Src/main.o
 .debug_line    0x0000000000001690      0x6db ./Core/Src/stm32l4xx_hal_msp.o
 .debug_line    0x0000000000001d6b      0x7b6 ./Core/Src/stm32l4xx_it.o
 .debug_line    0x0000000000002521      0x771 ./Core/Src/system_stm32l4xx.o
 .debug_line    0x0000000000002c92       0x88 ./Core/Startup/startup_stm32l496zgtx.o
 .debug_line    0x0000000000002d1a      0xacb ./Drivers/STM32L4xx_HAL_Driver/Src/stm32l4xx_hal.o
 .debug_line    0x00000000000037e5      0xc72 ./Drivers/STM32L4xx_HAL_Driver/Src/stm32l4xx_hal_cortex.o
 .debug_line    0x0000000000004457      0xb27 ./Drivers/STM32L4xx_HAL_Driver/Src/stm32l4xx_hal_gpio.o
 .debug_line    0x0000000000004f7e     0x11f1 ./Drivers/STM32L4xx_HAL_Driver/Src/stm32l4xx_hal_pcd.o
 .debug_line    0x000000000000616f      0x8b7 ./Drivers/STM32L4xx_HAL_Driver/Src/stm32l4xx_hal_pcd_ex.o
 .debug_line    0x0000000000006a26      0xc91 ./Drivers/STM32L4xx_HAL_Driver/Src/stm32l4xx_hal_pwr_ex.o
 .debug_line    0x00000000000076b7      0xf79 ./Drivers/STM32L4xx_HAL_Driver/Src/stm32l4xx_hal_rcc.o
 .debug_line    0x0000000000008630     0x16d3 ./Drivers/STM32L4xx_HAL_Driver/Src/stm32l4xx_hal_rcc_ex.o
 .debug_line    0x0000000000009d03     0x18e9 ./Drivers/STM32L4xx_HAL_Driver/Src/stm32l4xx_ll_usb.o
 .debug_line    0x000000000000b5ec      0xda9 ./Middlewares/ST/STM32_USB_Device_Library/Class/CDC/Src/usbd_cdc.o
 .debug_line    0x000000000000c395      0xe2c ./Middlewares/ST/STM32_USB_Device_Library/Core/Src/usbd_core.o
 .debug_line    0x000000000000d1c1     0x10c9 ./Middlewares/ST/STM32_USB_Device_Library/Core/Src/usbd_ctlreq.o
 .debug_line    0x000000000000e28a      0xa83 ./Middlewares/ST/STM32_USB_Device_Library/Core/Src/usbd_ioreq.o
 .debug_line    0x000000000000ed0d      0xa3f ./USB_DEVICE/App/usb_device.o
 .debug_line    0x000000000000f74c      0xaac ./USB_DEVICE/App/usbd_cdc_if.o
 .debug_line    0x00000000000101f8      0xb23 ./USB_DEVICE/App/usbd_desc.o
 .debug_line    0x0000000000010d1b      0xfd4 ./USB_DEVICE/Target/usbd_conf.o

.debug_str      0x0000000000000000    0xf6c24
 .debug_str     0x0000000000000000    0xed5c1 ./Core/Src/gpio.o
                                      0xed897 (size before relaxing)
 .debug_str     0x00000000000ed5c1     0x5775 ./Core/Src/main.o
                                      0xf2fbf (size before relaxing)
 .debug_str     0x00000000000f2d36       0x2c ./Core/Src/stm32l4xx_hal_msp.o
                                      0xed7fa (size before relaxing)
 .debug_str     0x00000000000f2d62      0x440 ./Core/Src/stm32l4xx_it.o
                                      0xedaf7 (size before relaxing)
 .debug_str     0x00000000000f31a2       0xb8 ./Core/Src/system_stm32l4xx.o
                                      0xed7c9 (size before relaxing)
 .debug_str     0x00000000000f325a       0x36 ./Core/Startup/startup_stm32l496zgtx.o
                                         0x77 (size before relaxing)
 .debug_str     0x00000000000f3290      0xa52 ./Drivers/STM32L4xx_HAL_Driver/Src/stm32l4xx_hal.o
                                      0xee33d (size before relaxing)
 .debug_str     0x00000000000f3ce2      0x395 ./Drivers/STM32L4xx_HAL_Driver/Src/stm32l4xx_hal_cortex.o
                                      0xee09a (size before relaxing)
 .debug_str     0x00000000000f4077      0x166 ./Drivers/STM32L4xx_HAL_Driver/Src/stm32l4xx_hal_gpio.o
                                      0xed98f (size before relaxing)
 .debug_str     0x00000000000f41dd      0x569 ./Drivers/STM32L4xx_HAL_Driver/Src/stm32l4xx_hal_pcd.o
                                      0xedf4c (size before relaxing)
 .debug_str     0x00000000000f4746      0x1b4 ./Drivers/STM32L4xx_HAL_Driver/Src/stm32l4xx_hal_pcd_ex.o
                                      0xedbb3 (size before relaxing)
 .debug_str     0x00000000000f48fa      0x4f0 ./Drivers/STM32L4xx_HAL_Driver/Src/stm32l4xx_hal_pwr_ex.o
                                      0xedd2e (size before relaxing)
 .debug_str     0x00000000000f4dea      0x3d2 ./Drivers/STM32L4xx_HAL_Driver/Src/stm32l4xx_hal_rcc.o
                                      0xeddca (size before relaxing)
 .debug_str     0x00000000000f51bc      0x809 ./Drivers/STM32L4xx_HAL_Driver/Src/stm32l4xx_hal_rcc_ex.o
                                      0xee160 (size before relaxing)
 .debug_str     0x00000000000f59c5      0x6ab ./Drivers/STM32L4xx_HAL_Driver/Src/stm32l4xx_ll_usb.o
                                      0xee0e9 (size before relaxing)
 .debug_str     0x00000000000f6070      0x2aa ./Middlewares/ST/STM32_USB_Device_Library/Class/CDC/Src/usbd_cdc.o
                                      0xf3000 (size before relaxing)
 .debug_str     0x00000000000f631a      0x1a2 ./Middlewares/ST/STM32_USB_Device_Library/Core/Src/usbd_core.o
                                      0xf2878 (size before relaxing)
 .debug_str     0x00000000000f64bc      0x152 ./Middlewares/ST/STM32_USB_Device_Library/Core/Src/usbd_ctlreq.o
                                      0xf2836 (size before relaxing)
 .debug_str     0x00000000000f660e       0xc9 ./Middlewares/ST/STM32_USB_Device_Library/Core/Src/usbd_ioreq.o
                                      0xf2786 (size before relaxing)
 .debug_str     0x00000000000f66d7       0xc2 ./USB_DEVICE/App/usb_device.o
                                      0xf2b15 (size before relaxing)
 .debug_str     0x00000000000f6799       0x9a ./USB_DEVICE/App/usbd_cdc_if.o
                                      0xf2b83 (size before relaxing)
 .debug_str     0x00000000000f6833      0x298 ./USB_DEVICE/App/usbd_desc.o
                                      0xf2702 (size before relaxing)
 .debug_str     0x00000000000f6acb      0x159 ./USB_DEVICE/Target/usbd_conf.o
                                      0xf3ae0 (size before relaxing)

.comment        0x0000000000000000       0x53
 .comment       0x0000000000000000       0x53 ./Core/Src/gpio.o
                                         0x54 (size before relaxing)
 .comment       0x0000000000000053       0x54 ./Core/Src/main.o
 .comment       0x0000000000000053       0x54 ./Core/Src/stm32l4xx_hal_msp.o
 .comment       0x0000000000000053       0x54 ./Core/Src/stm32l4xx_it.o
 .comment       0x0000000000000053       0x54 ./Core/Src/system_stm32l4xx.o
 .comment       0x0000000000000053       0x54 ./Drivers/STM32L4xx_HAL_Driver/Src/stm32l4xx_hal.o
 .comment       0x0000000000000053       0x54 ./Drivers/STM32L4xx_HAL_Driver/Src/stm32l4xx_hal_cortex.o
 .comment       0x0000000000000053       0x54 ./Drivers/STM32L4xx_HAL_Driver/Src/stm32l4xx_hal_gpio.o
 .comment       0x0000000000000053       0x54 ./Drivers/STM32L4xx_HAL_Driver/Src/stm32l4xx_hal_pcd.o