main.c:70:5:buffer_was_raus	16	static
main.c:86:5:buffer_was_rein	16	static
main.c:110:6:check_usb_buffer	16	static
main.c:121:6:blink_green	16	static
main.c:124:6:blink_blue	16	static
main.c:131:6:blink_red	16	static
main.c:134:9:read_input	8	static
main.c:137:6:show_lifesigns	8	static
main.c:144:9:get_fifo_buffer_length	16	static
main.c:160:9:check_command	40	dynamic
main.c:185:6:calculate_data	16	static
main.c:212:6:start_reading_AiSpi	24	static
main.c:229:6:new_line	8	static
main.c:234:6:show_commands	8	static
main.c:265:6:show_data	8	static
main.c:276:6:answer_command	16	static
main.c:327:5:main	8	static
main.c:380:6:SystemClock_Config	96	static
main.c:436:6:Error_Handler	4	static,ignoring_inline_asm
