main.c:62:5:buffer_was_raus	16	static
main.c:78:5:buffer_was_rein	16	static
main.c:102:6:check_usb_buffer	16	static
main.c:113:6:blink_green	16	static
main.c:116:6:blink_blue	16	static
main.c:119:6:blink_red	16	static
main.c:123:7:HAL_GPIO_EXTI_Callback	16	static
main.c:127:6:show_lifesigns	8	static
main.c:134:9:get_fifo_buffer_length	16	static
main.c:149:9:check_command	40	dynamic
main.c:177:6:answer_command	16	static
main.c:217:5:main	8	static
main.c:270:6:SystemClock_Config	96	static
main.c:326:6:Error_Handler	4	static,ignoring_inline_asm
